Archive member included to satisfy reference by file (symbol)

/opt/st/stm32cubeide_1.17.0/plugins/com.st.stm32cube.ide.mcu.externaltools.gnu-tools-for-stm32.12.3.rel1.linux64_1.1.0.202410170702/tools/bin/../lib/gcc/arm-none-eabi/12.3.1/../../../../arm-none-eabi/lib/thumb/v7e-m+fp/hard/libc_nano.a(libc_a-exit.o)
                              /opt/st/stm32cubeide_1.17.0/plugins/com.st.stm32cube.ide.mcu.externaltools.gnu-tools-for-stm32.12.3.rel1.linux64_1.1.0.202410170702/tools/bin/../lib/gcc/arm-none-eabi/12.3.1/../../../../arm-none-eabi/lib/thumb/v7e-m+fp/hard/crt0.o (exit)
/opt/st/stm32cubeide_1.17.0/plugins/com.st.stm32cube.ide.mcu.externaltools.gnu-tools-for-stm32.12.3.rel1.linux64_1.1.0.202410170702/tools/bin/../lib/gcc/arm-none-eabi/12.3.1/../../../../arm-none-eabi/lib/thumb/v7e-m+fp/hard/libc_nano.a(libc_a-freer.o)
                              (_free_r)
/opt/st/stm32cubeide_1.17.0/plugins/com.st.stm32cube.ide.mcu.externaltools.gnu-tools-for-stm32.12.3.rel1.linux64_1.1.0.202410170702/tools/bin/../lib/gcc/arm-none-eabi/12.3.1/../../../../arm-none-eabi/lib/thumb/v7e-m+fp/hard/libc_nano.a(libc_a-mallocr.o)
                              (_malloc_r)
/opt/st/stm32cubeide_1.17.0/plugins/com.st.stm32cube.ide.mcu.externaltools.gnu-tools-for-stm32.12.3.rel1.linux64_1.1.0.202410170702/tools/bin/../lib/gcc/arm-none-eabi/12.3.1/../../../../arm-none-eabi/lib/thumb/v7e-m+fp/hard/libc_nano.a(libc_a-mlock.o)
                              /opt/st/stm32cubeide_1.17.0/plugins/com.st.stm32cube.ide.mcu.externaltools.gnu-tools-for-stm32.12.3.rel1.linux64_1.1.0.202410170702/tools/bin/../lib/gcc/arm-none-eabi/12.3.1/../../../../arm-none-eabi/lib/thumb/v7e-m+fp/hard/libc_nano.a(libc_a-freer.o) (__malloc_lock)
/opt/st/stm32cubeide_1.17.0/plugins/com.st.stm32cube.ide.mcu.externaltools.gnu-tools-for-stm32.12.3.rel1.linux64_1.1.0.202410170702/tools/bin/../lib/gcc/arm-none-eabi/12.3.1/../../../../arm-none-eabi/lib/thumb/v7e-m+fp/hard/libc_nano.a(libc_a-nano-vfprintf_float.o)
                              (_printf_float)
/opt/st/stm32cubeide_1.17.0/plugins/com.st.stm32cube.ide.mcu.externaltools.gnu-tools-for-stm32.12.3.rel1.linux64_1.1.0.202410170702/tools/bin/../lib/gcc/arm-none-eabi/12.3.1/../../../../arm-none-eabi/lib/thumb/v7e-m+fp/hard/libc_nano.a(libc_a-nano-vfprintf_i.o)
                              /opt/st/stm32cubeide_1.17.0/plugins/com.st.stm32cube.ide.mcu.externaltools.gnu-tools-for-stm32.12.3.rel1.linux64_1.1.0.202410170702/tools/bin/../lib/gcc/arm-none-eabi/12.3.1/../../../../arm-none-eabi/lib/thumb/v7e-m+fp/hard/libc_nano.a(libc_a-nano-vfprintf_float.o) (_printf_common)
/opt/st/stm32cubeide_1.17.0/plugins/com.st.stm32cube.ide.mcu.externaltools.gnu-tools-for-stm32.12.3.rel1.linux64_1.1.0.202410170702/tools/bin/../lib/gcc/arm-none-eabi/12.3.1/../../../../arm-none-eabi/lib/thumb/v7e-m+fp/hard/libc_nano.a(libc_a-findfp.o)
                              /opt/st/stm32cubeide_1.17.0/plugins/com.st.stm32cube.ide.mcu.externaltools.gnu-tools-for-stm32.12.3.rel1.linux64_1.1.0.202410170702/tools/bin/../lib/gcc/arm-none-eabi/12.3.1/../../../../arm-none-eabi/lib/thumb/v7e-m+fp/hard/libc_nano.a(libc_a-exit.o) (__stdio_exit_handler)
/opt/st/stm32cubeide_1.17.0/plugins/com.st.stm32cube.ide.mcu.externaltools.gnu-tools-for-stm32.12.3.rel1.linux64_1.1.0.202410170702/tools/bin/../lib/gcc/arm-none-eabi/12.3.1/../../../../arm-none-eabi/lib/thumb/v7e-m+fp/hard/libc_nano.a(libc_a-fwalk.o)
                              /opt/st/stm32cubeide_1.17.0/plugins/com.st.stm32cube.ide.mcu.externaltools.gnu-tools-for-stm32.12.3.rel1.linux64_1.1.0.202410170702/tools/bin/../lib/gcc/arm-none-eabi/12.3.1/../../../../arm-none-eabi/lib/thumb/v7e-m+fp/hard/libc_nano.a(libc_a-findfp.o) (_fwalk_sglue)
/opt/st/stm32cubeide_1.17.0/plugins/com.st.stm32cube.ide.mcu.externaltools.gnu-tools-for-stm32.12.3.rel1.linux64_1.1.0.202410170702/tools/bin/../lib/gcc/arm-none-eabi/12.3.1/../../../../arm-none-eabi/lib/thumb/v7e-m+fp/hard/libc_nano.a(libc_a-printf.o)
                              ./Core/Src/mpu6050.o (printf)
/opt/st/stm32cubeide_1.17.0/plugins/com.st.stm32cube.ide.mcu.externaltools.gnu-tools-for-stm32.12.3.rel1.linux64_1.1.0.202410170702/tools/bin/../lib/gcc/arm-none-eabi/12.3.1/../../../../arm-none-eabi/lib/thumb/v7e-m+fp/hard/libc_nano.a(libc_a-puts.o)
                              ./Core/Src/compute_angles.o (puts)
/opt/st/stm32cubeide_1.17.0/plugins/com.st.stm32cube.ide.mcu.externaltools.gnu-tools-for-stm32.12.3.rel1.linux64_1.1.0.202410170702/tools/bin/../lib/gcc/arm-none-eabi/12.3.1/../../../../arm-none-eabi/lib/thumb/v7e-m+fp/hard/libc_nano.a(libc_a-snprintf.o)
                              ./Core/Src/rtos_threads.o (snprintf)
/opt/st/stm32cubeide_1.17.0/plugins/com.st.stm32cube.ide.mcu.externaltools.gnu-tools-for-stm32.12.3.rel1.linux64_1.1.0.202410170702/tools/bin/../lib/gcc/arm-none-eabi/12.3.1/../../../../arm-none-eabi/lib/thumb/v7e-m+fp/hard/libc_nano.a(libc_a-stdio.o)
[...]
Memory Configuration

Name             Origin             Length             Attributes
RAM              0x20000000         0x00020000         xrw
FLASH            0x08000000         0x00080000         xr
*default*        0x00000000         0xffffffff

Linker script and memory map

LOAD /opt/st/stm32cubeide_1.17.0/plugins/com.st.stm32cube.ide.mcu.externaltools.gnu-tools-for-stm32.12.3.rel1.linux64_1.1.0.202410170702/tools/bin/../lib/gcc/arm-none-eabi/12.3.1/thumb/v7e-m+fp/hard/crti.o
LOAD /opt/st/stm32cubeide_1.17.0/plugins/com.st.stm32cube.ide.mcu.externaltools.gnu-tools-for-stm32.12.3.rel1.linux64_1.1.0.202410170702/tools/bin/../lib/gcc/arm-none-eabi/12.3.1/thumb/v7e-m+fp/hard/crtbegin.o
LOAD /opt/st/stm32cubeide_1.17.0/plugins/com.st.stm32cube.ide.mcu.externaltools.gnu-tools-for-stm32.12.3.rel1.linux64_1.1.0.202410170702/tools/bin/../lib/gcc/arm-none-eabi/12.3.1/../../../../arm-none-eabi/lib/thumb/v7e-m+fp/hard/crt0.o
LOAD ./Core/Src/compute_angles.o
LOAD ./Core/Src/freertos.o
LOAD ./Core/Src/main.o
LOAD ./Core/Src/motorControlPID.o
LOAD ./Core/Src/mpu6050.o
LOAD ./Core/Src/rtos_threads.o
LOAD ./Core/Src/save_pitch_roll.o
LOAD ./Core/Src/ssd1306.o
LOAD ./Core/Src/stm32f4xx_hal_msp.o
LOAD ./Core/Src/stm32f4xx_it.o
LOAD ./Core/Src/syscalls.o
LOAD ./Core/Src/sysmem.o
LOAD ./Core/Src/system_stm32f4xx.o
LOAD ./Core/Src/write_printf.o
LOAD ./Core/Startup/startup_stm32f446retx.o
LOAD ./Drivers/STM32F4xx_HAL_Driver/Src/stm32f4xx_hal.o
LOAD ./Drivers/STM32F4xx_HAL_Driver/Src/stm32f4xx_hal_adc.o
LOAD ./Drivers/STM32F4xx_HAL_Driver/Src/stm32f4xx_hal_adc_ex.o
LOAD ./Drivers/STM32F4xx_HAL_Driver/Src/stm32f4xx_hal_cortex.o
LOAD ./Drivers/STM32F4xx_HAL_Driver/Src/stm32f4xx_hal_dma.o
LOAD ./Drivers/STM32F4xx_HAL_Driver/Src/stm32f4xx_hal_dma_ex.o
LOAD ./Drivers/STM32F4xx_HAL_Driver/Src/stm32f4xx_hal_exti.o
LOAD ./Drivers/STM32F4xx_HAL_Driver/Src/stm32f4xx_hal_flash.o
LOAD ./Drivers/STM32F4xx_HAL_Driver/Src/stm32f4xx_hal_flash_ex.o
LOAD ./Drivers/STM32F4xx_HAL_Driver/Src/stm32f4xx_hal_flash_ramfunc.o
LOAD ./Drivers/STM32F4xx_HAL_Driver/Src/stm32f4xx_hal_gpio.o
LOAD ./Drivers/STM32F4xx_HAL_Driver/Src/stm32f4xx_hal_i2c.o
LOAD ./Drivers/STM32F4xx_HAL_Driver/Src/stm32f4xx_hal_i2c_ex.o
LOAD ./Drivers/STM32F4xx_HAL_Driver/Src/stm32f4xx_hal_pwr.o
LOAD ./Drivers/STM32F4xx_HAL_Driver/Src/stm32f4xx_hal_pwr_ex.o
LOAD ./Drivers/STM32F4xx_HAL_Driver/Src/stm32f4xx_hal_rcc.o
LOAD ./Drivers/STM32F4xx_HAL_Driver/Src/stm32f4xx_hal_rcc_ex.o
LOAD ./Drivers/STM32F4xx_HAL_Driver/Src/stm32f4xx_hal_spi.o
LOAD ./Drivers/STM32F4xx_HAL_Driver/Src/stm32f4xx_hal_tim.o
LOAD ./Drivers/STM32F4xx_HAL_Driver/Src/stm32f4xx_hal_tim_ex.o
LOAD ./Drivers/STM32F4xx_HAL_Driver/Src/stm32f4xx_hal_uart.o
LOAD ./Drivers/STM32F4xx_HAL_Driver/Src/stm32f4xx_ll_adc.o
LOAD ./Middlewares/Third_Party/FreeRTOS/Source/CMSIS_RTOS_V2/cmsis_os2.o
LOAD ./Middlewares/Third_Party/FreeRTOS/Source/croutine.o
LOAD ./Middlewares/Third_Party/FreeRTOS/Source/event_groups.o
LOAD ./Middlewares/Third_Party/FreeRTOS/Source/list.o
LOAD ./Middlewares/Third_Party/FreeRTOS/Source/queue.o
LOAD ./Middlewares/Third_Party/FreeRTOS/Source/stream_buffer.o
LOAD ./Middlewares/Third_Party/FreeRTOS/Source/tasks.o
LOAD ./Middlewares/Third_Party/FreeRTOS/Source/timers.o
LOAD ./Middlewares/Third_Party/FreeRTOS/Source/portable/GCC/ARM_CM4F/port.o
LOAD ./Middlewares/Third_Party/FreeRTOS/Source/portable/MemMang/heap_4.o
START GROUP
LOAD /opt/st/stm32cubeide_1.17.0/plugins/com.st.stm32cube.ide.mcu.externaltools.gnu-tools-for-stm32.12.3.rel1.linux64_1.1.0.202410170702/tools/bin/../lib/gcc/arm-none-eabi/12.3.1/../../../../arm-none-eabi/lib/thumb/v7e-m+fp/hard/libc_nano.a
LOAD /opt/st/stm32cubeide_1.17.0/plugins/com.st.stm32cube.ide.mcu.externaltools.gnu-tools-for-stm32.12.3.rel1.linux64_1.1.0.202410170702/tools/bin/../lib/gcc/arm-none-eabi/12.3.1/../../../../arm-none-eabi/lib/thumb/v7e-m+fp/hard/libm.a
END GROUP
START GROUP
LOAD /opt/st/stm32cubeide_1.17.0/plugins/com.st.stm32cube.ide.mcu.externaltools.gnu-tools-for-stm32.12.3.rel1.linux64_1.1.0.202410170702/tools/bin/../lib/gcc/arm-none-eabi/12.3.1/thumb/v7e-m+fp/hard/libgcc.a
LOAD /opt/st/stm32cubeide_1.17.0/plugins/com.st.stm32cube.ide.mcu.externaltools.gnu-tools-for-stm32.12.3.rel1.linux64_1.1.0.202410170702/tools/bin/../lib/gcc/arm-none-eabi/12.3.1/../../../../arm-none-eabi/lib/thumb/v7e-m+fp/hard/libc_nano.a
END GROUP
START GROUP
LOAD /opt/st/stm32cubeide_1.17.0/plugins/com.st.stm32cube.ide.mcu.externaltools.gnu-tools-for-stm32.12.3.rel1.linux64_1.1.0.202410170702/tools/bin/../lib/gcc/arm-none-eabi/12.3.1/thumb/v7e-m+fp/hard/libgcc.a
LOAD /opt/st/stm32cubeide_1.17.0/plugins/com.st.stm32cube.ide.mcu.externaltools.gnu-tools-for-stm32.12.3.rel1.linux64_1.1.0.202410170702/tools/bin/../lib/gcc/arm-none-eabi/12.3.1/../../../../arm-none-eabi/lib/thumb/v7e-m+fp/hard/libc_nano.a
LOAD /opt/st/stm32cubeide_1.17.0/plugins/com.st.stm32cube.ide.mcu.externaltools.gnu-tools-for-stm32.12.3.rel1.linux64_1.1.0.202410170702/tools/bin/../lib/gcc/arm-none-eabi/12.3.1/../../../../arm-none-eabi/lib/thumb/v7e-m+fp/hard/libnosys.a
END GROUP
START GROUP
LOAD /opt/st/stm32cubeide_1.17.0/plugins/com.st.stm32cube.ide.mcu.externaltools.gnu-tools-for-stm32.12.3.rel1.linux64_1.1.0.202410170702/tools/bin/../lib/gcc/arm-none-eabi/12.3.1/thumb/v7e-m+fp/hard/libgcc.a
LOAD /opt/st/stm32cubeide_1.17.0/plugins/com.st.stm32cube.ide.mcu.externaltools.gnu-tools-for-stm32.12.3.rel1.linux64_1.1.0.202410170702/tools/bin/../lib/gcc/arm-none-eabi/12.3.1/../../../../arm-none-eabi/lib/thumb/v7e-m+fp/hard/libc_nano.a
LOAD /opt/st/stm32cubeide_1.17.0/plugins/com.st.stm32cube.ide.mcu.externaltools.gnu-tools-for-stm32.12.3.rel1.linux64_1.1.0.202410170702/tools/bin/../lib/gcc/arm-none-eabi/12.3.1/../../../../arm-none-eabi/lib/thumb/v7e-m+fp/hard/libnosys.a
END GROUP
LOAD /opt/st/stm32cubeide_1.17.0/plugins/com.st.stm32cube.ide.mcu.externaltools.gnu-tools-for-stm32.12.3.rel1.linux64_1.1.0.202410170702/tools/bin/../lib/gcc/arm-none-eabi/12.3.1/thumb/v7e-m+fp/hard/crtend.o
LOAD /opt/st/stm32cubeide_1.17.0/plugins/com.st.stm32cube.ide.mcu.externaltools.gnu-tools-for-stm32.12.3.rel1.linux64_1.1.0.202410170702/tools/bin/../lib/gcc/arm-none-eabi/12.3.1/thumb/v7e-m+fp/hard/crtn.o
                0x20020000                        _estack = (ORIGIN (RAM) + LENGTH (RAM))
                0x00000200                        _Min_Heap_Size = 0x200
                0x00000400                        _Min_Stack_Size = 0x400

.isr_vector     0x08000000      0x1c4
                0x08000000                        . = ALIGN (0x4)
 *(.isr_vector)
 .isr_vector    0x08000000      0x1c4 ./Core/Startup/startup_stm32f446retx.o
                0x08000000                g_pfnVectors
                0x080001c4                        . = ALIGN (0x4)

.text           0x080001d0    0x11738
                0x080001d0                        . = ALIGN (0x4)
 *(.text)
 .text          0x080001d0       0x40 /opt/st/stm32cubeide_1.17.0/plugins/com.st.stm32cube.ide.mcu.externaltools.gnu-tools-for-stm32.12.3.rel1.linux64_1.1.0.202410170702/tools/bin/../lib/gcc/arm-none-eabi/12.3.1/thumb/v7e-m+fp/hard/crtbegin.o
 .text          0x08000210       0xa0 /opt/st/stm32cubeide_1.17.0/plugins/com.st.stm32cube.ide.mcu.externaltools.gnu-tools-for-stm32.12.3.rel1.linux64_1.1.0.202410170702/tools/bin/../lib/gcc/arm-none-eabi/12.3.1/../../../../arm-none-eabi/lib/thumb/v7e-m+fp/hard/libc_nano.a(libc_a-memchr.o)
                0x08000210                memchr
 .text          0x080002b0       0x10 /opt/st/stm32cubeide_1.17.0/plugins/com.st.stm32cube.ide.mcu.externaltools.gnu-tools-for-stm32.12.3.rel1.linux64_1.1.0.202410170702/tools/bin/../lib/gcc/arm-none-eabi/12.3.1/../../../../arm-none-eabi/lib/thumb/v7e-m+fp/hard/libc_nano.a(libc_a-strlen.o)
                0x080002b0                strlen
 .text          0x080002c0      0x378 /opt/st/stm32cubeide_1.17.0/plugins/com.st.stm32cube.ide.mcu.externaltools.gnu-tools-for-stm32.12.3.rel1.linux64_1.1.0.202410170702/tools/bin/../lib/gcc/arm-none-eabi/12.3.1/thumb/v7e-m+fp/hard/libgcc.a(_arm_addsubdf3.o)
                0x080002c0                __aeabi_drsub
                0x080002c8                __aeabi_dsub
                0x080002c8                __subdf3
                0x080002cc                __adddf3
                0x080002cc                __aeabi_dadd
                0x08000544                __aeabi_ui2d
                0x08000544                __floatunsidf
                0x08000564                __floatsidf
                0x08000564                __aeabi_i2d
                0x08000588                __extendsfdf2
                0x08000588                __aeabi_f2d
                0x080005cc                __aeabi_ul2d
                0x080005cc                __floatundidf
                0x080005dc                __floatdidf
                0x080005dc                __aeabi_l2d
 .text          0x08000638      0x424 /opt/st/stm32cubeide_1.17.0/plugins/com.st.stm32cube.ide.mcu.externaltools.gnu-tools-for-stm32.12.3.rel1.linux64_1.1.0.202410170702/tools/bin/../lib/gcc/arm-none-eabi/12.3.1/thumb/v7e-m+fp/hard/libgcc.a(_arm_muldivdf3.o)
                0x08000638                __aeabi_dmul
                0x08000638                __muldf3
                0x0800088c                __aeabi_ddiv
                0x0800088c                __divdf3
 .text          0x08000a5c      0x110 /opt/st/stm32cubeide_1.17.0/plugins/com.st.stm32cube.ide.mcu.externaltools.gnu-tools-for-stm32.12.3.rel1.linux64_1.1.0.202410170702/tools/bin/../lib/gcc/arm-none-eabi/12.3.1/thumb/v7e-m+fp/hard/libgcc.a(_arm_cmpdf2.o)
                0x08000a5c                __gtdf2
                0x08000a5c                __gedf2
                0x08000a64                __ltdf2
                0x08000a64                __ledf2
                0x08000a6c                __cmpdf2
                0x08000a6c                __eqdf2
                0x08000a6c                __nedf2
                0x08000ae8                __aeabi_cdrcmple
                0x08000af8                __aeabi_cdcmple
                0x08000af8                __aeabi_cdcmpeq
                0x08000b08                __aeabi_dcmpeq
                0x08000b1c                __aeabi_dcmplt
                0x08000b30                __aeabi_dcmple
                0x08000b44                __aeabi_dcmpge
                0x08000b58                __aeabi_dcmpgt
 .text          0x08000b6c       0x2c /opt/st/stm32cubeide_1.17.0/plugins/com.st.stm32cube.ide.mcu.externaltools.gnu-tools-for-stm32.12.3.rel1.linux64_1.1.0.202410170702/tools/bin/../lib/gcc/arm-none-eabi/12.3.1/thumb/v7e-m+fp/hard/libgcc.a(_arm_unorddf2.o)
                0x08000b6c                __aeabi_dcmpun
                0x08000b6c                __unorddf2
 .text          0x08000b98       0x50 /opt/st/stm32cubeide_1.17.0/plugins/com.st.stm32cube.ide.mcu.externaltools.gnu-tools-for-stm32.12.3.rel1.linux64_1.1.0.202410170702/tools/bin/../lib/gcc/arm-none-eabi/12.3.1/thumb/v7e-m+fp/hard/libgcc.a(_arm_fixdfsi.o)
                0x08000b98                __fixdfsi
                0x08000b98                __aeabi_d2iz
 .text          0x08000be8       0xa0 /opt/st/stm32cubeide_1.17.0/plugins/com.st.stm32cube.ide.mcu.externaltools.gnu-tools-for-stm32.12.3.rel1.linux64_1.1.0.202410170702/tools/bin/../lib/gcc/arm-none-eabi/12.3.1/thumb/v7e-m+fp/hard/libgcc.a(_arm_truncdfsf2.o)
                0x08000be8                __aeabi_d2f
                0x08000be8                __truncdfsf2
 .text          0x08000c88       0x30 /opt/st/stm32cubeide_1.17.0/plugins/com.st.stm32cube.ide.mcu.externaltools.gnu-tools-for-stm32.12.3.rel1.linux64_1.1.0.202410170702/tools/bin/../lib/gcc/arm-none-eabi/12.3.1/thumb/v7e-m+fp/hard/libgcc.a(_aeabi_uldivmod.o)
                0x08000c88                __aeabi_uldivmod
 .text          0x08000cb8      0x2bc /opt/st/stm32cubeide_1.17.0/plugins/com.st.stm32cube.ide.mcu.externaltools.gnu-tools-for-stm32.12.3.rel1.linux64_1.1.0.202410170702/tools/bin/../lib/gcc/arm-none-eabi/12.3.1/thumb/v7e-m+fp/hard/libgcc.a(_udivmoddi4.o)
                0x08000cb8                __udivmoddi4
 .text          0x08000f74        0x4 /opt/st/stm32cubeide_1.17.0/plugins/com.st.stm32cube.ide.mcu.externaltools.gnu-tools-for-stm32.12.3.rel1.linux64_1.1.0.202410170702/tools/bin/../lib/gcc/arm-none-eabi/12.3.1/thumb/v7e-m+fp/hard/libgcc.a(_dvmd_tls.o)
                0x08000f74                __aeabi_ldiv0
                0x08000f74                __aeabi_idiv0
 *(.text*)
 .text.computeDT
                0x08000f78       0x90 ./Core/Src/compute_angles.o
                0x08000f78                computeDT
 .text.radiansToDegrees
                0x08001008       0x40 ./Core/Src/compute_angles.o
                0x08001008                radiansToDegrees
 .text.complementary_filter
                0x08001048      0x298 ./Core/Src/compute_angles.o
                0x08001048                complementary_filter
 .text.Kalman_Init
                0x080012e0       0x6a ./Core/Src/compute_angles.o
                0x080012e0                Kalman_Init
 .text.Kalman_Update
                0x0800134a      0x1f8 ./Core/Src/compute_angles.o
                0x0800134a                Kalman_Update
 *fill*         0x08001542        0x6 
 .text.computeAngles
                0x08001548      0x22c ./Core/Src/compute_angles.o
                0x08001548                computeAngles
 *fill*         0x08001774        0x4 
 .text.computeAnglesAcc
                0x08001778      0x174 ./Core/Src/compute_angles.o
                0x08001778                computeAnglesAcc
 .text.main     0x080018ec      0x114 ./Core/Src/main.o
                0x080018ec                main
 .text.SystemClock_Config
                0x08001a00       0xd8 ./Core/Src/main.o
                0x08001a00                SystemClock_Config
 .text.MX_ADC1_Init
                0x08001ad8       0xa4 ./Core/Src/main.o
 .text.MX_I2C1_Init
                0x08001b7c       0x5c ./Core/Src/main.o
 .text.MX_SPI1_Init
                0x08001bd8       0x6c ./Core/Src/main.o
 .text.MX_TIM1_Init
                0x08001c44      0x188 ./Core/Src/main.o
 .text.MX_TIM2_Init
                0x08001dcc      0x100 ./Core/Src/main.o
 .text.MX_TIM3_Init
                0x08001ecc      0x104 ./Core/Src/main.o
 .text.MX_TIM8_Init
                0x08001fd0      0x188 ./Core/Src/main.o
 .text.MX_USART2_UART_Init
                0x08002158       0x54 ./Core/Src/main.o
 .text.MX_DMA_Init
                0x080021ac       0x60 ./Core/Src/main.o
 .text.MX_GPIO_Init
                0x0800220c       0xf0 ./Core/Src/main.o
 .text.Error_Handler
                0x080022fc        0xc ./Core/Src/main.o
                0x080022fc                Error_Handler
 .text.pwmInit  0x08002308       0x40 ./Core/Src/motorControlPID.o
                0x08002308                pwmInit
 .text.pidInit  0x08002348       0x82 ./Core/Src/motorControlPID.o
                0x08002348                pidInit
 *fill*         0x080023ca        0x2 
 .text.controlLoop
                0x080023cc      0x17c ./Core/Src/motorControlPID.o
                0x080023cc                controlLoop
 .text.setPWMDutyCyclePosition
                0x08002548      0x1b0 ./Core/Src/motorControlPID.o
                0x08002548                setPWMDutyCyclePosition
 .text.MPU6050_Init
                0x080026f8      0x1b8 ./Core/Src/mpu6050.o
                0x080026f8                MPU6050_Init
 .text.MPU6050_ReadAll
                0x080028b0      0x190 ./Core/Src/mpu6050.o
                0x080028b0                MPU6050_ReadAll
 .text.MPU6050_CalibrateExternal
                0x08002a40       0x6c ./Core/Src/mpu6050.o
                0x08002a40                MPU6050_CalibrateExternal
 .text.MPU6050_CalculateOffsets
                0x08002aac      0x14c ./Core/Src/mpu6050.o
                0x08002aac                MPU6050_CalculateOffsets
 .text.MPU6050_SoftReset
                0x08002bf8       0xd8 ./Core/Src/mpu6050.o
                0x08002bf8                MPU6050_SoftReset
 .text.DWT_Init
                0x08002cd0       0x30 ./Core/Src/rtos_threads.o
                0x08002cd0                DWT_Init
 .text.HAL_GPIO_EXTI_Callback
                0x08002d00       0x88 ./Core/Src/rtos_threads.o
                0x08002d00                HAL_GPIO_EXTI_Callback
 .text.mpu6050_ReadData
                0x08002d88      0x1d0 ./Core/Src/rtos_threads.o
                0x08002d88                mpu6050_ReadData
 .text.DataProcessing
                0x08002f58      0x434 ./Core/Src/rtos_threads.o
                0x08002f58                DataProcessing
 *fill*         0x0800338c        0x4 
 .text.motorRun
                0x08003390       0xf0 ./Core/Src/rtos_threads.o
                0x08003390                motorRun
 .text.SSD1306_Write
                0x08003480       0x44 ./Core/Src/ssd1306.o
                0x08003480                SSD1306_Write
 .text.SSD1306_Init
                0x080034c4      0x140 ./Core/Src/ssd1306.o
                0x080034c4                SSD1306_Init
 .text.SSD1306_Clear
                0x08003604       0x18 ./Core/Src/ssd1306.o
                0x08003604                SSD1306_Clear
 .text.SSD1306_ClearRegion
                0x0800361c       0x68 ./Core/Src/ssd1306.o
                0x0800361c                SSD1306_ClearRegion
 .text.SSD1306_UpdateScreen
                0x08003684       0x6c ./Core/Src/ssd1306.o
                0x08003684                SSD1306_UpdateScreen
 .text.SSD1306_DrawPixel
                0x080036f0       0xa8 ./Core/Src/ssd1306.o
                0x080036f0                SSD1306_DrawPixel
 .text.SSD1306_DrawChar
                0x08003798       0xd0 ./Core/Src/ssd1306.o
                0x08003798                SSD1306_DrawChar
 .text.SSD1306_DrawString
                0x08003868       0x4c ./Core/Src/ssd1306.o
                0x08003868                SSD1306_DrawString
 .text.SSD1306_DrawFloat
                0x080038b4       0x5c ./Core/Src/ssd1306.o
                0x080038b4                SSD1306_DrawFloat
 .text.HAL_MspInit
                0x08003910       0x58 ./Core/Src/stm32f4xx_hal_msp.o
                0x08003910                HAL_MspInit
 .text.HAL_ADC_MspInit
                0x08003968       0x88 ./Core/Src/stm32f4xx_hal_msp.o
                0x08003968                HAL_ADC_MspInit
 .text.HAL_I2C_MspInit
                0x080039f0      0x15c ./Core/Src/stm32f4xx_hal_msp.o
                0x080039f0                HAL_I2C_MspInit
 .text.HAL_SPI_MspInit
                0x08003b4c       0x90 ./Core/Src/stm32f4xx_hal_msp.o
                0x08003b4c                HAL_SPI_MspInit
 .text.HAL_TIM_Base_MspInit
                0x08003bdc       0xc4 ./Core/Src/stm32f4xx_hal_msp.o
                0x08003bdc                HAL_TIM_Base_MspInit
 .text.HAL_TIM_MspPostInit
                0x08003ca0      0x19c ./Core/Src/stm32f4xx_hal_msp.o
                0x08003ca0                HAL_TIM_MspPostInit
 .text.HAL_UART_MspInit
                0x08003e3c       0xf4 ./Core/Src/stm32f4xx_hal_msp.o
                0x08003e3c                HAL_UART_MspInit
 .text.NMI_Handler
                0x08003f30        0x8 ./Core/Src/stm32f4xx_it.o
                0x08003f30                NMI_Handler
 .text.HardFault_Handler
                0x08003f38        0x8 ./Core/Src/stm32f4xx_it.o
                0x08003f38                HardFault_Handler
 .text.MemManage_Handler
                0x08003f40        0x8 ./Core/Src/stm32f4xx_it.o
                0x08003f40                MemManage_Handler
 .text.BusFault_Handler
                0x08003f48        0x8 ./Core/Src/stm32f4xx_it.o
                0x08003f48                BusFault_Handler
 .text.UsageFault_Handler
                0x08003f50        0x8 ./Core/Src/stm32f4xx_it.o
                0x08003f50                UsageFault_Handler
 .text.DebugMon_Handler
                0x08003f58        0xe ./Core/Src/stm32f4xx_it.o
                0x08003f58                DebugMon_Handler
 .text.SysTick_Handler
                0x08003f66       0x1a ./Core/Src/stm32f4xx_it.o
                0x08003f66                SysTick_Handler
 .text.DMA1_Stream0_IRQHandler
                0x08003f80       0x14 ./Core/Src/stm32f4xx_it.o
                0x08003f80                DMA1_Stream0_IRQHandler
 .text.DMA1_Stream6_IRQHandler
                0x08003f94       0x14 ./Core/Src/stm32f4xx_it.o
                0x08003f94                DMA1_Stream6_IRQHandler
 .text.EXTI15_10_IRQHandler
                0x08003fa8       0x10 ./Core/Src/stm32f4xx_it.o
                0x08003fa8                EXTI15_10_IRQHandler
 .text.DMA1_Stream7_IRQHandler
                0x08003fb8       0x14 ./Core/Src/stm32f4xx_it.o
                0x08003fb8                DMA1_Stream7_IRQHandler
 .text._getpid  0x08003fcc       0x10 ./Core/Src/syscalls.o
                0x08003fcc                _getpid
 .text._kill    0x08003fdc       0x20 ./Core/Src/syscalls.o
                0x08003fdc                _kill
 .text._exit    0x08003ffc       0x16 ./Core/Src/syscalls.o
                0x08003ffc                _exit
 .text._read    0x08004012       0x3a ./Core/Src/syscalls.o
                0x08004012                _read
 .text._close   0x0800404c       0x18 ./Core/Src/syscalls.o
                0x0800404c                _close
 .text._fstat   0x08004064       0x20 ./Core/Src/syscalls.o
                0x08004064                _fstat
 .text._isatty  0x08004084       0x16 ./Core/Src/syscalls.o
                0x08004084                _isatty
 .text._lseek   0x0800409a       0x1a ./Core/Src/syscalls.o
                0x0800409a                _lseek
 .text._sbrk    0x080040b4       0x6c ./Core/Src/sysmem.o
                0x080040b4                _sbrk
 .text.SystemInit
                0x08004120       0x24 ./Core/Src/system_stm32f4xx.o
                0x08004120                SystemInit
 .text._write   0x08004144       0x2c ./Core/Src/write_printf.o
                0x08004144                _write
 .text.Reset_Handler
                0x08004170       0x50 ./Core/Startup/startup_stm32f446retx.o
                0x08004170                Reset_Handler
 .text.Default_Handler
                0x080041c0        0x2 ./Core/Startup/startup_stm32f446retx.o
                0x080041c0                RTC_Alarm_IRQHandler
                0x080041c0                EXTI2_IRQHandler
                0x080041c0                TIM8_CC_IRQHandler
                0x080041c0                FMPI2C1_EV_IRQHandler
                0x080041c0                SPI4_IRQHandler
                0x080041c0                TIM1_CC_IRQHandler
                0x080041c0                DMA2_Stream5_IRQHandler
                0x080041c0                DMA1_Stream5_IRQHandler
                0x080041c0                PVD_IRQHandler
                0x080041c0                SDIO_IRQHandler
                0x080041c0                TAMP_STAMP_IRQHandler
                0x080041c0                CAN2_RX1_IRQHandler
                0x080041c0                EXTI3_IRQHandler
                0x080041c0                TIM8_TRG_COM_TIM14_IRQHandler
                0x080041c0                TIM1_UP_TIM10_IRQHandler
                0x080041c0                TIM8_UP_TIM13_IRQHandler
                0x080041c0                I2C3_ER_IRQHandler
                0x080041c0                EXTI0_IRQHandler
                0x080041c0                I2C2_EV_IRQHandler
                0x080041c0                DMA1_Stream2_IRQHandler
                0x080041c0                CAN1_RX0_IRQHandler
                0x080041c0                FPU_IRQHandler
                0x080041c0                OTG_HS_WKUP_IRQHandler
                0x080041c0                CAN2_SCE_IRQHandler
                0x080041c0                DMA2_Stream2_IRQHandler
                0x080041c0                SPI1_IRQHandler
                0x080041c0                TIM6_DAC_IRQHandler
                0x080041c0                TIM1_BRK_TIM9_IRQHandler
                0x080041c0                DCMI_IRQHandler
                0x080041c0                CAN2_RX0_IRQHandler
                0x080041c0                DMA2_Stream3_IRQHandler
                0x080041c0                SAI2_IRQHandler
                0x080041c0                USART6_IRQHandler
                0x080041c0                USART3_IRQHandler
                0x080041c0                CAN1_RX1_IRQHandler
                0x080041c0                UART5_IRQHandler
                0x080041c0                DMA2_Stream0_IRQHandler
                0x080041c0                TIM4_IRQHandler
                0x080041c0                QUADSPI_IRQHandler
                0x080041c0                I2C1_EV_IRQHandler
                0x080041c0                DMA1_Stream1_IRQHandler
                0x080041c0                UART4_IRQHandler
                0x080041c0                TIM3_IRQHandler
                0x080041c0                RCC_IRQHandler
                0x080041c0                TIM8_BRK_TIM12_IRQHandler
                0x080041c0                Default_Handler
                0x080041c0                CEC_IRQHandler
                0x080041c0                ADC_IRQHandler
                0x080041c0                TIM7_IRQHandler
                0x080041c0                CAN2_TX_IRQHandler
                0x080041c0                TIM5_IRQHandler
                0x080041c0                DMA2_Stream7_IRQHandler
                0x080041c0                I2C3_EV_IRQHandler
                0x080041c0                EXTI9_5_IRQHandler
                0x080041c0                RTC_WKUP_IRQHandler
                0x080041c0                SPDIF_RX_IRQHandler
                0x080041c0                SPI2_IRQHandler
                0x080041c0                OTG_HS_EP1_IN_IRQHandler
                0x080041c0                CAN1_TX_IRQHandler
                0x080041c0                FMPI2C1_ER_IRQHandler
                0x080041c0                EXTI4_IRQHandler
                0x080041c0                OTG_HS_EP1_OUT_IRQHandler
                0x080041c0                WWDG_IRQHandler
                0x080041c0                TIM2_IRQHandler
                0x080041c0                OTG_FS_WKUP_IRQHandler
                0x080041c0                TIM1_TRG_COM_TIM11_IRQHandler
                0x080041c0                OTG_HS_IRQHandler
                0x080041c0                EXTI1_IRQHandler
                0x080041c0                USART2_IRQHandler
                0x080041c0                I2C2_ER_IRQHandler
                0x080041c0                DMA2_Stream1_IRQHandler
                0x080041c0                CAN1_SCE_IRQHandler
                0x080041c0                FLASH_IRQHandler
                0x080041c0                DMA2_Stream4_IRQHandler
                0x080041c0                USART1_IRQHandler
                0x080041c0                OTG_FS_IRQHandler
                0x080041c0                SPI3_IRQHandler
                0x080041c0                DMA1_Stream4_IRQHandler
                0x080041c0                I2C1_ER_IRQHandler
                0x080041c0                FMC_IRQHandler
                0x080041c0                DMA2_Stream6_IRQHandler
                0x080041c0                SAI1_IRQHandler
                0x080041c0                DMA1_Stream3_IRQHandler
 *fill*         0x080041c2        0x2 
 .text.HAL_Init
                0x080041c4       0x44 ./Drivers/STM32F4xx_HAL_Driver/Src/stm32f4xx_hal.o
                0x080041c4                HAL_Init
 .text.HAL_InitTick
                0x08004208       0x60 ./Drivers/STM32F4xx_HAL_Driver/Src/stm32f4xx_hal.o
                0x08004208                HAL_InitTick
 .text.HAL_IncTick
                0x08004268       0x28 ./Drivers/STM32F4xx_HAL_Driver/Src/stm32f4xx_hal.o
                0x08004268                HAL_IncTick
 .text.HAL_GetTick
                0x08004290       0x18 ./Drivers/STM32F4xx_HAL_Driver/Src/stm32f4xx_hal.o
                0x08004290                HAL_GetTick
 .text.HAL_Delay
                0x080042a8       0x48 ./Drivers/STM32F4xx_HAL_Driver/Src/stm32f4xx_hal.o
                0x080042a8                HAL_Delay
 .text.HAL_ADC_Init
                0x080042f0       0x86 ./Drivers/STM32F4xx_HAL_Driver/Src/stm32f4xx_hal_adc.o
                0x080042f0                HAL_ADC_Init
 *fill*         0x08004376        0x2 
 .text.HAL_ADC_ConfigChannel
                0x08004378      0x264 ./Drivers/STM32F4xx_HAL_Driver/Src/stm32f4xx_hal_adc.o
                0x08004378                HAL_ADC_ConfigChannel
 .text.ADC_Init
                0x080045dc      0x1f8 ./Drivers/STM32F4xx_HAL_Driver/Src/stm32f4xx_hal_adc.o
 .text.__NVIC_SetPriorityGrouping
                0x080047d4       0x48 ./Drivers/STM32F4xx_HAL_Driver/Src/stm32f4xx_hal_cortex.o
 .text.__NVIC_GetPriorityGrouping
                0x0800481c       0x1c ./Drivers/STM32F4xx_HAL_Driver/Src/stm32f4xx_hal_cortex.o
 .text.__NVIC_EnableIRQ
                0x08004838       0x3c ./Drivers/STM32F4xx_HAL_Driver/Src/stm32f4xx_hal_cortex.o
 .text.__NVIC_SetPriority
                0x08004874       0x54 ./Drivers/STM32F4xx_HAL_Driver/Src/stm32f4xx_hal_cortex.o
 .text.NVIC_EncodePriority
                0x080048c8       0x66 ./Drivers/STM32F4xx_HAL_Driver/Src/stm32f4xx_hal_cortex.o
 *fill*         0x0800492e        0x2 
 .text.SysTick_Config
                0x08004930       0x44 ./Drivers/STM32F4xx_HAL_Driver/Src/stm32f4xx_hal_cortex.o
 .text.HAL_NVIC_SetPriorityGrouping
                0x08004974       0x16 ./Drivers/STM32F4xx_HAL_Driver/Src/stm32f4xx_hal_cortex.o
                0x08004974                HAL_NVIC_SetPriorityGrouping
 .text.HAL_NVIC_SetPriority
                0x0800498a       0x38 ./Drivers/STM32F4xx_HAL_Driver/Src/stm32f4xx_hal_cortex.o
                0x0800498a                HAL_NVIC_SetPriority
 .text.HAL_NVIC_EnableIRQ
                0x080049c2       0x1c ./Drivers/STM32F4xx_HAL_Driver/Src/stm32f4xx_hal_cortex.o
                0x080049c2                HAL_NVIC_EnableIRQ
 .text.HAL_SYSTICK_Config
                0x080049de       0x18 ./Drivers/STM32F4xx_HAL_Driver/Src/stm32f4xx_hal_cortex.o
                0x080049de                HAL_SYSTICK_Config
 *fill*         0x080049f6        0x2 
 .text.HAL_DMA_Init
                0x080049f8      0x15c ./Drivers/STM32F4xx_HAL_Driver/Src/stm32f4xx_hal_dma.o
                0x080049f8                HAL_DMA_Init
 .text.HAL_DMA_Start_IT
                0x08004b54       0xb0 ./Drivers/STM32F4xx_HAL_Driver/Src/stm32f4xx_hal_dma.o
                0x08004b54                HAL_DMA_Start_IT
 .text.HAL_DMA_IRQHandler
                0x08004c04      0x314 ./Drivers/STM32F4xx_HAL_Driver/Src/stm32f4xx_hal_dma.o
                0x08004c04                HAL_DMA_IRQHandler
 .text.DMA_SetConfig
                0x08004f18       0x5c ./Drivers/STM32F4xx_HAL_Driver/Src/stm32f4xx_hal_dma.o
 .text.DMA_CalcBaseAndBitshift
                0x08004f74       0x6c ./Drivers/STM32F4xx_HAL_Driver/Src/stm32f4xx_hal_dma.o
 .text.DMA_CheckFifoParam
                0x08004fe0       0xf8 ./Drivers/STM32F4xx_HAL_Driver/Src/stm32f4xx_hal_dma.o
 .text.HAL_GPIO_Init
                0x080050d8      0x328 ./Drivers/STM32F4xx_HAL_Driver/Src/stm32f4xx_hal_gpio.o
                0x080050d8                HAL_GPIO_Init
 .text.HAL_GPIO_WritePin
                0x08005400       0x32 ./Drivers/STM32F4xx_HAL_Driver/Src/stm32f4xx_hal_gpio.o
                0x08005400                HAL_GPIO_WritePin
 *fill*         0x08005432        0x2 
 .text.HAL_GPIO_EXTI_IRQHandler
                0x08005434       0x30 ./Drivers/STM32F4xx_HAL_Driver/Src/stm32f4xx_hal_gpio.o
                0x08005434                HAL_GPIO_EXTI_IRQHandler
 .text.HAL_I2C_Init
                0x08005464      0x288 ./Drivers/STM32F4xx_HAL_Driver/Src/stm32f4xx_hal_i2c.o
                0x08005464                HAL_I2C_Init
 .text.HAL_I2C_Master_Transmit
                0x080056ec      0x1fc ./Drivers/STM32F4xx_HAL_Driver/Src/stm32f4xx_hal_i2c.o
                0x080056ec                HAL_I2C_Master_Transmit
 .text.HAL_I2C_Mem_Write
                0x080058e8      0x1f4 ./Drivers/STM32F4xx_HAL_Driver/Src/stm32f4xx_hal_i2c.o
                0x080058e8                HAL_I2C_Mem_Write
 .text.HAL_I2C_Mem_Read
                0x08005adc      0x464 ./Drivers/STM32F4xx_HAL_Driver/Src/stm32f4xx_hal_i2c.o
                0x08005adc                HAL_I2C_Mem_Read
 .text.HAL_I2C_GetError
                0x08005f40       0x18 ./Drivers/STM32F4xx_HAL_Driver/Src/stm32f4xx_hal_i2c.o
                0x08005f40                HAL_I2C_GetError
 .text.I2C_MasterRequestWrite
                0x08005f58      0x104 ./Drivers/STM32F4xx_HAL_Driver/Src/stm32f4xx_hal_i2c.o
 .text.I2C_RequestMemoryWrite
                0x0800605c      0x12c ./Drivers/STM32F4xx_HAL_Driver/Src/stm32f4xx_hal_i2c.o
 .text.I2C_RequestMemoryRead
                0x08006188      0x1d0 ./Drivers/STM32F4xx_HAL_Driver/Src/stm32f4xx_hal_i2c.o
 .text.I2C_WaitOnFlagUntilTimeout
                0x08006358       0xf4 ./Drivers/STM32F4xx_HAL_Driver/Src/stm32f4xx_hal_i2c.o
 .text.I2C_WaitOnMasterAddressFlagUntilTimeout
                0x0800644c      0x140 ./Drivers/STM32F4xx_HAL_Driver/Src/stm32f4xx_hal_i2c.o
 .text.I2C_WaitOnTXEFlagUntilTimeout
                0x0800658c       0x90 ./Drivers/STM32F4xx_HAL_Driver/Src/stm32f4xx_hal_i2c.o
 .text.I2C_WaitOnBTFFlagUntilTimeout
                0x0800661c       0x90 ./Drivers/STM32F4xx_HAL_Driver/Src/stm32f4xx_hal_i2c.o
 .text.I2C_WaitOnRXNEFlagUntilTimeout
                0x080066ac       0xba ./Drivers/STM32F4xx_HAL_Driver/Src/stm32f4xx_hal_i2c.o
 .text.I2C_IsAcknowledgeFailed
                0x08006766       0x5e ./Drivers/STM32F4xx_HAL_Driver/Src/stm32f4xx_hal_i2c.o
 .text.HAL_RCC_ClockConfig
                0x080067c4      0x1cc ./Drivers/STM32F4xx_HAL_Driver/Src/stm32f4xx_hal_rcc.o
                0x080067c4                HAL_RCC_ClockConfig
 .text.HAL_RCC_GetHCLKFreq
                0x08006990       0x18 ./Drivers/STM32F4xx_HAL_Driver/Src/stm32f4xx_hal_rcc.o
                0x08006990                HAL_RCC_GetHCLKFreq
 .text.HAL_RCC_GetPCLK1Freq
                0x080069a8       0x28 ./Drivers/STM32F4xx_HAL_Driver/Src/stm32f4xx_hal_rcc.o
                0x080069a8                HAL_RCC_GetPCLK1Freq
 .text.HAL_RCC_GetPCLK2Freq
                0x080069d0       0x28 ./Drivers/STM32F4xx_HAL_Driver/Src/stm32f4xx_hal_rcc.o
                0x080069d0                HAL_RCC_GetPCLK2Freq
 .text.HAL_RCC_GetSysClockFreq
                0x080069f8      0x460 ./Drivers/STM32F4xx_HAL_Driver/Src/stm32f4xx_hal_rcc_ex.o
                0x080069f8                HAL_RCC_GetSysClockFreq
 .text.HAL_RCC_OscConfig
                0x08006e58      0x53c ./Drivers/STM32F4xx_HAL_Driver/Src/stm32f4xx_hal_rcc_ex.o
                0x08006e58                HAL_RCC_OscConfig
 .text.HAL_SPI_Init
                0x08007394      0x112 ./Drivers/STM32F4xx_HAL_Driver/Src/stm32f4xx_hal_spi.o
                0x08007394                HAL_SPI_Init
 .text.HAL_SPI_Transmit
                0x080074a6      0x288 ./Drivers/STM32F4xx_HAL_Driver/Src/stm32f4xx_hal_spi.o
                0x080074a6                HAL_SPI_Transmit
 *fill*         0x0800772e        0x2 
 .text.SPI_WaitFlagStateUntilTimeout
                0x08007730      0x110 ./Drivers/STM32F4xx_HAL_Driver/Src/stm32f4xx_hal_spi.o
 .text.SPI_EndRxTxTransaction
                0x08007840       0xa8 ./Drivers/STM32F4xx_HAL_Driver/Src/stm32f4xx_hal_spi.o
 .text.HAL_TIM_Base_Init
                0x080078e8       0x9e ./Drivers/STM32F4xx_HAL_Driver/Src/stm32f4xx_hal_tim.o
                0x080078e8                HAL_TIM_Base_Init
 .text.HAL_TIM_PWM_Init
                0x08007986       0x9e ./Drivers/STM32F4xx_HAL_Driver/Src/stm32f4xx_hal_tim.o
                0x08007986                HAL_TIM_PWM_Init
 .text.HAL_TIM_PWM_MspInit
                0x08007a24       0x14 ./Drivers/STM32F4xx_HAL_Driver/Src/stm32f4xx_hal_tim.o
                0x08007a24                HAL_TIM_PWM_MspInit
 .text.HAL_TIM_PWM_Start
                0x08007a38      0x190 ./Drivers/STM32F4xx_HAL_Driver/Src/stm32f4xx_hal_tim.o
                0x08007a38                HAL_TIM_PWM_Start
 .text.HAL_TIM_PWM_ConfigChannel
                0x08007bc8      0x184 ./Drivers/STM32F4xx_HAL_Driver/Src/stm32f4xx_hal_tim.o
                0x08007bc8                HAL_TIM_PWM_ConfigChannel
 .text.HAL_TIM_ConfigClockSource
                0x08007d4c      0x18e ./Drivers/STM32F4xx_HAL_Driver/Src/stm32f4xx_hal_tim.o
                0x08007d4c                HAL_TIM_ConfigClockSource
 *fill*         0x08007eda        0x2 
 .text.TIM_Base_SetConfig
                0x08007edc      0x158 ./Drivers/STM32F4xx_HAL_Driver/Src/stm32f4xx_hal_tim.o
                0x08007edc                TIM_Base_SetConfig
 .text.TIM_OC1_SetConfig
                0x08008034       0xe0 ./Drivers/STM32F4xx_HAL_Driver/Src/stm32f4xx_hal_tim.o
 .text.TIM_OC2_SetConfig
                0x08008114       0xec ./Drivers/STM32F4xx_HAL_Driver/Src/stm32f4xx_hal_tim.o
                0x08008114                TIM_OC2_SetConfig
 .text.TIM_OC3_SetConfig
                0x08008200       0xe8 ./Drivers/STM32F4xx_HAL_Driver/Src/stm32f4xx_hal_tim.o
 .text.TIM_OC4_SetConfig
                0x080082e8       0xac ./Drivers/STM32F4xx_HAL_Driver/Src/stm32f4xx_hal_tim.o
 .text.TIM_TI1_ConfigInputStage
                0x08008394       0x5e ./Drivers/STM32F4xx_HAL_Driver/Src/stm32f4xx_hal_tim.o
 .text.TIM_TI2_ConfigInputStage
                0x080083f2       0x60 ./Drivers/STM32F4xx_HAL_Driver/Src/stm32f4xx_hal_tim.o
 .text.TIM_ITRx_SetConfig
                0x08008452       0x36 ./Drivers/STM32F4xx_HAL_Driver/Src/stm32f4xx_hal_tim.o
 .text.TIM_ETR_SetConfig
                0x08008488       0x40 ./Drivers/STM32F4xx_HAL_Driver/Src/stm32f4xx_hal_tim.o
                0x08008488                TIM_ETR_SetConfig
 .text.TIM_CCxChannelCmd
                0x080084c8       0x4a ./Drivers/STM32F4xx_HAL_Driver/Src/stm32f4xx_hal_tim.o
                0x080084c8                TIM_CCxChannelCmd
 *fill*         0x08008512        0x2 
 .text.HAL_TIMEx_MasterConfigSynchronization
                0x08008514       0xf8 ./Drivers/STM32F4xx_HAL_Driver/Src/stm32f4xx_hal_tim_ex.o
                0x08008514                HAL_TIMEx_MasterConfigSynchronization
 .text.HAL_TIMEx_ConfigBreakDeadTime
                0x0800860c       0xa4 ./Drivers/STM32F4xx_HAL_Driver/Src/stm32f4xx_hal_tim_ex.o
                0x0800860c                HAL_TIMEx_ConfigBreakDeadTime
 .text.HAL_UART_Init
                0x080086b0       0xa0 ./Drivers/STM32F4xx_HAL_Driver/Src/stm32f4xx_hal_uart.o
                0x080086b0                HAL_UART_Init
 .text.HAL_UART_Transmit
                0x08008750      0x116 ./Drivers/STM32F4xx_HAL_Driver/Src/stm32f4xx_hal_uart.o
                0x08008750                HAL_UART_Transmit
 *fill*         0x08008866        0x2 
 .text.HAL_UART_Transmit_DMA
                0x08008868       0xe0 ./Drivers/STM32F4xx_HAL_Driver/Src/stm32f4xx_hal_uart.o
                0x08008868                HAL_UART_Transmit_DMA
 .text.HAL_UART_TxCpltCallback
                0x08008948       0x14 ./Drivers/STM32F4xx_HAL_Driver/Src/stm32f4xx_hal_uart.o
                0x08008948                HAL_UART_TxCpltCallback
 .text.HAL_UART_TxHalfCpltCallback
                0x0800895c       0x14 ./Drivers/STM32F4xx_HAL_Driver/Src/stm32f4xx_hal_uart.o
                0x0800895c                HAL_UART_TxHalfCpltCallback
 .text.HAL_UART_ErrorCallback
                0x08008970       0x14 ./Drivers/STM32F4xx_HAL_Driver/Src/stm32f4xx_hal_uart.o
                0x08008970                HAL_UART_ErrorCallback
 .text.UART_DMATransmitCplt
                0x08008984       0x9a ./Drivers/STM32F4xx_HAL_Driver/Src/stm32f4xx_hal_uart.o
 .text.UART_DMATxHalfCplt
                0x08008a1e       0x1c ./Drivers/STM32F4xx_HAL_Driver/Src/stm32f4xx_hal_uart.o
 .text.UART_DMAError
                0x08008a3a       0x94 ./Drivers/STM32F4xx_HAL_Driver/Src/stm32f4xx_hal_uart.o
 .text.UART_WaitOnFlagUntilTimeout
                0x08008ace       0xb2 ./Drivers/STM32F4xx_HAL_Driver/Src/stm32f4xx_hal_uart.o
 .text.UART_EndTxTransfer
                0x08008b80       0x50 ./Drivers/STM32F4xx_HAL_Driver/Src/stm32f4xx_hal_uart.o
 .text.UART_EndRxTransfer
                0x08008bd0       0xc6 ./Drivers/STM32F4xx_HAL_Driver/Src/stm32f4xx_hal_uart.o
 *fill*         0x08008c96        0x2 
 .text.UART_SetConfig
                0x08008c98      0x4e8 ./Drivers/STM32F4xx_HAL_Driver/Src/stm32f4xx_hal_uart.o
 .text.__NVIC_SetPriority
                0x08009180       0x54 ./Middlewares/Third_Party/FreeRTOS/Source/CMSIS_RTOS_V2/cmsis_os2.o
 .text.SVC_Setup
                0x080091d4       0x12 ./Middlewares/Third_Party/FreeRTOS/Source/CMSIS_RTOS_V2/cmsis_os2.o
 *fill*         0x080091e6        0x2 
 .text.osKernelInitialize
                0x080091e8       0x48 ./Middlewares/Third_Party/FreeRTOS/Source/CMSIS_RTOS_V2/cmsis_os2.o
                0x080091e8                osKernelInitialize
 .text.osKernelStart
                0x08009230       0x4c ./Middlewares/Third_Party/FreeRTOS/Source/CMSIS_RTOS_V2/cmsis_os2.o
                0x08009230                osKernelStart
 .text.osKernelGetTickCount
                0x0800927c       0x2a ./Middlewares/Third_Party/FreeRTOS/Source/CMSIS_RTOS_V2/cmsis_os2.o
                0x0800927c                osKernelGetTickCount
 .text.osKernelGetTickFreq
                0x080092a6       0x12 ./Middlewares/Third_Party/FreeRTOS/Source/CMSIS_RTOS_V2/cmsis_os2.o
                0x080092a6                osKernelGetTickFreq
 .text.osThreadNew
                0x080092b8      0x124 ./Middlewares/Third_Party/FreeRTOS/Source/CMSIS_RTOS_V2/cmsis_os2.o
                0x080092b8                osThreadNew
 .text.osDelayUntil
                0x080093dc       0x5a ./Middlewares/Third_Party/FreeRTOS/Source/CMSIS_RTOS_V2/cmsis_os2.o
                0x080093dc                osDelayUntil
 .text.osMutexNew
                0x08009436      0x10c ./Middlewares/Third_Party/FreeRTOS/Source/CMSIS_RTOS_V2/cmsis_os2.o
                0x08009436                osMutexNew
 .text.osMutexAcquire
                0x08009542       0x96 ./Middlewares/Third_Party/FreeRTOS/Source/CMSIS_RTOS_V2/cmsis_os2.o
                0x08009542                osMutexAcquire
 .text.osMutexRelease
                0x080095d8       0x7a ./Middlewares/Third_Party/FreeRTOS/Source/CMSIS_RTOS_V2/cmsis_os2.o
                0x080095d8                osMutexRelease
 .text.osSemaphoreNew
                0x08009652      0x112 ./Middlewares/Third_Party/FreeRTOS/Source/CMSIS_RTOS_V2/cmsis_os2.o
                0x08009652                osSemaphoreNew
 .text.osSemaphoreAcquire
                0x08009764       0xa4 ./Middlewares/Third_Party/FreeRTOS/Source/CMSIS_RTOS_V2/cmsis_os2.o
                0x08009764                osSemaphoreAcquire
 .text.osMessageQueueNew
                0x08009808       0xe6 ./Middlewares/Third_Party/FreeRTOS/Source/CMSIS_RTOS_V2/cmsis_os2.o
                0x08009808                osMessageQueueNew
 *fill*         0x080098ee        0x2 
 .text.osMessageQueuePut
                0x080098f0       0xc0 ./Middlewares/Third_Party/FreeRTOS/Source/CMSIS_RTOS_V2/cmsis_os2.o
                0x080098f0                osMessageQueuePut
 .text.osMessageQueueGet
                0x080099b0       0xbc ./Middlewares/Third_Party/FreeRTOS/Source/CMSIS_RTOS_V2/cmsis_os2.o
                0x080099b0                osMessageQueueGet
 .text.vApplicationGetIdleTaskMemory
                0x08009a6c       0x34 ./Middlewares/Third_Party/FreeRTOS/Source/CMSIS_RTOS_V2/cmsis_os2.o
                0x08009a6c                vApplicationGetIdleTaskMemory
 .text.vApplicationGetTimerTaskMemory
                0x08009aa0       0x34 ./Middlewares/Third_Party/FreeRTOS/Source/CMSIS_RTOS_V2/cmsis_os2.o
                0x08009aa0                vApplicationGetTimerTaskMemory
 .text.vListInitialise
                0x08009ad4       0x40 ./Middlewares/Third_Party/FreeRTOS/Source/list.o
                0x08009ad4                vListInitialise
 .text.vListInitialiseItem
                0x08009b14       0x1a ./Middlewares/Third_Party/FreeRTOS/Source/list.o
                0x08009b14                vListInitialiseItem
 .text.vListInsertEnd
                0x08009b2e       0x48 ./Middlewares/Third_Party/FreeRTOS/Source/list.o
                0x08009b2e                vListInsertEnd
 .text.vListInsert
                0x08009b76       0x72 ./Middlewares/Third_Party/FreeRTOS/Source/list.o
                0x08009b76                vListInsert
 .text.uxListRemove
                0x08009be8       0x54 ./Middlewares/Third_Party/FreeRTOS/Source/list.o
                0x08009be8                uxListRemove
 .text.xQueueGenericReset
                0x08009c3c       0xd4 ./Middlewares/Third_Party/FreeRTOS/Source/queue.o
                0x08009c3c                xQueueGenericReset
 .text.xQueueGenericCreateStatic
                0x08009d10       0xfa ./Middlewares/Third_Party/FreeRTOS/Source/queue.o
                0x08009d10                xQueueGenericCreateStatic
 .text.xQueueGenericCreate
                0x08009e0a       0x76 ./Middlewares/Third_Party/FreeRTOS/Source/queue.o
                0x08009e0a                xQueueGenericCreate
 .text.prvInitialiseNewQueue
                0x08009e80       0x46 ./Middlewares/Third_Party/FreeRTOS/Source/queue.o
 .text.prvInitialiseMutex
                0x08009ec6       0x34 ./Middlewares/Third_Party/FreeRTOS/Source/queue.o
 .text.xQueueCreateMutex
                0x08009efa       0x30 ./Middlewares/Third_Party/FreeRTOS/Source/queue.o
                0x08009efa                xQueueCreateMutex
 .text.xQueueCreateMutexStatic
                0x08009f2a       0x36 ./Middlewares/Third_Party/FreeRTOS/Source/queue.o
                0x08009f2a                xQueueCreateMutexStatic
 .text.xQueueGiveMutexRecursive
                0x08009f60       0x6a ./Middlewares/Third_Party/FreeRTOS/Source/queue.o
                0x08009f60                xQueueGiveMutexRecursive
 .text.xQueueTakeMutexRecursive
                0x08009fca       0x6e ./Middlewares/Third_Party/FreeRTOS/Source/queue.o
                0x08009fca                xQueueTakeMutexRecursive
 .text.xQueueCreateCountingSemaphoreStatic
                0x0800a038       0x72 ./Middlewares/Third_Party/FreeRTOS/Source/queue.o
                0x0800a038                xQueueCreateCountingSemaphoreStatic
 .text.xQueueCreateCountingSemaphore
                0x0800a0aa       0x6a ./Middlewares/Third_Party/FreeRTOS/Source/queue.o
                0x0800a0aa                xQueueCreateCountingSemaphore
 .text.xQueueGenericSend
                0x0800a114      0x204 ./Middlewares/Third_Party/FreeRTOS/Source/queue.o
                0x0800a114                xQueueGenericSend
 .text.xQueueGenericSendFromISR
                0x0800a318      0x13c ./Middlewares/Third_Party/FreeRTOS/Source/queue.o
                0x0800a318                xQueueGenericSendFromISR
 .text.xQueueReceive
                0x0800a454      0x1c4 ./Middlewares/Third_Party/FreeRTOS/Source/queue.o
                0x0800a454                xQueueReceive
 .text.xQueueSemaphoreTake
                0x0800a618      0x220 ./Middlewares/Third_Party/FreeRTOS/Source/queue.o
                0x0800a618                xQueueSemaphoreTake
 .text.xQueueReceiveFromISR
                0x0800a838      0x104 ./Middlewares/Third_Party/FreeRTOS/Source/queue.o
                0x0800a838                xQueueReceiveFromISR
 .text.vQueueDelete
                0x0800a93c       0x48 ./Middlewares/Third_Party/FreeRTOS/Source/queue.o
                0x0800a93c                vQueueDelete
 .text.prvGetDisinheritPriorityAfterTimeout
                0x0800a984       0x30 ./Middlewares/Third_Party/FreeRTOS/Source/queue.o
 .text.prvCopyDataToQueue
                0x0800a9b4       0xd4 ./Middlewares/Third_Party/FreeRTOS/Source/queue.o
 .text.prvCopyDataFromQueue
                0x0800aa88       0x4c ./Middlewares/Third_Party/FreeRTOS/Source/queue.o
 .text.prvUnlockQueue
                0x0800aad4       0xa4 ./Middlewares/Third_Party/FreeRTOS/Source/queue.o
 .text.prvIsQueueEmpty
                0x0800ab78       0x2c ./Middlewares/Third_Party/FreeRTOS/Source/queue.o
 .text.prvIsQueueFull
                0x0800aba4       0x30 ./Middlewares/Third_Party/FreeRTOS/Source/queue.o
 .text.vQueueAddToRegistry
                0x0800abd4       0x54 ./Middlewares/Third_Party/FreeRTOS/Source/queue.o
                0x0800abd4                vQueueAddToRegistry
 .text.vQueueUnregisterQueue
                0x0800ac28       0x54 ./Middlewares/Third_Party/FreeRTOS/Source/queue.o
                0x0800ac28                vQueueUnregisterQueue
 .text.vQueueWaitForMessageRestricted
                0x0800ac7c       0x68 ./Middlewares/Third_Party/FreeRTOS/Source/queue.o
                0x0800ac7c                vQueueWaitForMessageRestricted
 .text.xTaskCreateStatic
                0x0800ace4       0xc0 ./Middlewares/Third_Party/FreeRTOS/Source/tasks.o
                0x0800ace4                xTaskCreateStatic
 .text.xTaskCreate
                0x0800ada4       0x8a ./Middlewares/Third_Party/FreeRTOS/Source/tasks.o
                0x0800ada4                xTaskCreate
 .text.prvInitialiseNewTask
                0x0800ae2e      0x120 ./Middlewares/Third_Party/FreeRTOS/Source/tasks.o
 *fill*         0x0800af4e        0x2 
 .text.prvAddNewTaskToReadyList
                0x0800af50       0xe0 ./Middlewares/Third_Party/FreeRTOS/Source/tasks.o
 .text.vTaskDelayUntil
                0x0800b030      0x100 ./Middlewares/Third_Party/FreeRTOS/Source/tasks.o
                0x0800b030                vTaskDelayUntil
 .text.vTaskStartScheduler
                0x0800b130       0xd0 ./Middlewares/Third_Party/FreeRTOS/Source/tasks.o
                0x0800b130                vTaskStartScheduler
 .text.vTaskSuspendAll
                0x0800b200       0x1c ./Middlewares/Third_Party/FreeRTOS/Source/tasks.o
                0x0800b200                vTaskSuspendAll
 .text.xTaskResumeAll
                0x0800b21c      0x13c ./Middlewares/Third_Party/FreeRTOS/Source/tasks.o
                0x0800b21c                xTaskResumeAll
 .text.xTaskGetTickCount
                0x0800b358       0x20 ./Middlewares/Third_Party/FreeRTOS/Source/tasks.o
                0x0800b358                xTaskGetTickCount
 .text.xTaskGetTickCountFromISR
                0x0800b378       0x24 ./Middlewares/Third_Party/FreeRTOS/Source/tasks.o
                0x0800b378                xTaskGetTickCountFromISR
 .text.xTaskIncrementTick
                0x0800b39c      0x174 ./Middlewares/Third_Party/FreeRTOS/Source/tasks.o
                0x0800b39c                xTaskIncrementTick
 .text.vTaskSwitchContext
                0x0800b510       0xbc ./Middlewares/Third_Party/FreeRTOS/Source/tasks.o
                0x0800b510                vTaskSwitchContext
 .text.vTaskPlaceOnEventList
                0x0800b5cc       0x4c ./Middlewares/Third_Party/FreeRTOS/Source/tasks.o
                0x0800b5cc                vTaskPlaceOnEventList
 .text.vTaskPlaceOnEventListRestricted
                0x0800b618       0x58 ./Middlewares/Third_Party/FreeRTOS/Source/tasks.o
                0x0800b618                vTaskPlaceOnEventListRestricted
 .text.xTaskRemoveFromEventList
                0x0800b670       0xc8 ./Middlewares/Third_Party/FreeRTOS/Source/tasks.o
                0x0800b670                xTaskRemoveFromEventList
 .text.vTaskInternalSetTimeOutState
                0x0800b738       0x2c ./Middlewares/Third_Party/FreeRTOS/Source/tasks.o
                0x0800b738                vTaskInternalSetTimeOutState
 .text.xTaskCheckForTimeOut
                0x0800b764       0xc8 ./Middlewares/Third_Party/FreeRTOS/Source/tasks.o
                0x0800b764                xTaskCheckForTimeOut
 .text.vTaskMissedYield
                0x0800b82c       0x18 ./Middlewares/Third_Party/FreeRTOS/Source/tasks.o
                0x0800b82c                vTaskMissedYield
 .text.prvIdleTask
                0x0800b844       0x30 ./Middlewares/Third_Party/FreeRTOS/Source/tasks.o
 .text.prvInitialiseTaskLists
                0x0800b874       0x80 ./Middlewares/Third_Party/FreeRTOS/Source/tasks.o
 .text.prvCheckTasksWaitingTermination
                0x0800b8f4       0x5c ./Middlewares/Third_Party/FreeRTOS/Source/tasks.o
 .text.prvDeleteTCB
                0x0800b950       0x60 ./Middlewares/Third_Party/FreeRTOS/Source/tasks.o
 .text.prvResetNextTaskUnblockTime
                0x0800b9b0       0x40 ./Middlewares/Third_Party/FreeRTOS/Source/tasks.o
 .text.xTaskGetCurrentTaskHandle
                0x0800b9f0       0x20 ./Middlewares/Third_Party/FreeRTOS/Source/tasks.o
                0x0800b9f0                xTaskGetCurrentTaskHandle
 .text.xTaskGetSchedulerState
                0x0800ba10       0x3c ./Middlewares/Third_Party/FreeRTOS/Source/tasks.o
                0x0800ba10                xTaskGetSchedulerState
 .text.xTaskPriorityInherit
                0x0800ba4c       0xd0 ./Middlewares/Third_Party/FreeRTOS/Source/tasks.o
                0x0800ba4c                xTaskPriorityInherit
 .text.xTaskPriorityDisinherit
                0x0800bb1c       0xe0 ./Middlewares/Third_Party/FreeRTOS/Source/tasks.o
                0x0800bb1c                xTaskPriorityDisinherit
 .text.vTaskPriorityDisinheritAfterTimeout
                0x0800bbfc      0x108 ./Middlewares/Third_Party/FreeRTOS/Source/tasks.o
                0x0800bbfc                vTaskPriorityDisinheritAfterTimeout
 .text.pvTaskIncrementMutexHeldCount
                0x0800bd04       0x28 ./Middlewares/Third_Party/FreeRTOS/Source/tasks.o
                0x0800bd04                pvTaskIncrementMutexHeldCount
 .text.prvAddCurrentTaskToDelayedList
                0x0800bd2c       0xa8 ./Middlewares/Third_Party/FreeRTOS/Source/tasks.o
 .text.xTimerCreateTimerTask
                0x0800bdd4       0x94 ./Middlewares/Third_Party/FreeRTOS/Source/timers.o
                0x0800bdd4                xTimerCreateTimerTask
 .text.xTimerGenericCommand
                0x0800be68       0x9c ./Middlewares/Third_Party/FreeRTOS/Source/timers.o
                0x0800be68                xTimerGenericCommand
 .text.prvProcessExpiredTimer
                0x0800bf04       0x9c ./Middlewares/Third_Party/FreeRTOS/Source/timers.o
 .text.prvTimerTask
                0x0800bfa0       0x26 ./Middlewares/Third_Party/FreeRTOS/Source/timers.o
 *fill*         0x0800bfc6        0x2 
 .text.prvProcessTimerOrBlockTask
                0x0800bfc8       0x9c ./Middlewares/Third_Party/FreeRTOS/Source/timers.o
 .text.prvGetNextExpireTime
                0x0800c064       0x48 ./Middlewares/Third_Party/FreeRTOS/Source/timers.o
 .text.prvSampleTimeNow
                0x0800c0ac       0x40 ./Middlewares/Third_Party/FreeRTOS/Source/timers.o
 .text.prvInsertTimerInActiveList
                0x0800c0ec       0x84 ./Middlewares/Third_Party/FreeRTOS/Source/timers.o
 .text.prvProcessReceivedCommands
                0x0800c170      0x1cc ./Middlewares/Third_Party/FreeRTOS/Source/timers.o
 .text.prvSwitchTimerLists
                0x0800c33c       0xcc ./Middlewares/Third_Party/FreeRTOS/Source/timers.o
 .text.prvCheckForValidListAndQueue
                0x0800c408       0x80 ./Middlewares/Third_Party/FreeRTOS/Source/timers.o
 .text.pxPortInitialiseStack
                0x0800c488       0x68 ./Middlewares/Third_Party/FreeRTOS/Source/portable/GCC/ARM_CM4F/port.o
                0x0800c488                pxPortInitialiseStack
 .text.prvTaskExitError
                0x0800c4f0       0x5c ./Middlewares/Third_Party/FreeRTOS/Source/portable/GCC/ARM_CM4F/port.o
 *fill*         0x0800c54c        0x4 
 .text.SVC_Handler
                0x0800c550       0x28 ./Middlewares/Third_Party/FreeRTOS/Source/portable/GCC/ARM_CM4F/port.o
                0x0800c550                SVC_Handler
 .text.prvPortStartFirstTask
                0x0800c578       0x28 ./Middlewares/Third_Party/FreeRTOS/Source/portable/GCC/ARM_CM4F/port.o
 .text.xPortStartScheduler
                0x0800c5a0      0x148 ./Middlewares/Third_Party/FreeRTOS/Source/portable/GCC/ARM_CM4F/port.o
                0x0800c5a0                xPortStartScheduler
 .text.vPortEnterCritical
                0x0800c6e8       0x64 ./Middlewares/Third_Party/FreeRTOS/Source/portable/GCC/ARM_CM4F/port.o
                0x0800c6e8                vPortEnterCritical
 .text.vPortExitCritical
                0x0800c74c       0x54 ./Middlewares/Third_Party/FreeRTOS/Source/portable/GCC/ARM_CM4F/port.o
                0x0800c74c                vPortExitCritical
 .text.PendSV_Handler
                0x0800c7a0       0x68 ./Middlewares/Third_Party/FreeRTOS/Source/portable/GCC/ARM_CM4F/port.o
                0x0800c7a0                PendSV_Handler
 .text.xPortSysTickHandler
                0x0800c808       0x44 ./Middlewares/Third_Party/FreeRTOS/Source/portable/GCC/ARM_CM4F/port.o
                0x0800c808                xPortSysTickHandler
 .text.vPortSetupTimerInterrupt
                0x0800c84c       0x48 ./Middlewares/Third_Party/FreeRTOS/Source/portable/GCC/ARM_CM4F/port.o
                0x0800c84c                vPortSetupTimerInterrupt
 .text.vPortEnableVFP
                0x0800c894       0x14 ./Middlewares/Third_Party/FreeRTOS/Source/portable/GCC/ARM_CM4F/port.o
 .text.vPortValidateInterruptPriority
                0x0800c8a8       0x84 ./Middlewares/Third_Party/FreeRTOS/Source/portable/GCC/ARM_CM4F/port.o
                0x0800c8a8                vPortValidateInterruptPriority
 .text.pvPortMalloc
                0x0800c92c      0x19c ./Middlewares/Third_Party/FreeRTOS/Source/portable/MemMang/heap_4.o
                0x0800c92c                pvPortMalloc
 .text.vPortFree
                0x0800cac8       0xc8 ./Middlewares/Third_Party/FreeRTOS/Source/portable/MemMang/heap_4.o
                0x0800cac8                vPortFree
 .text.prvHeapInit
                0x0800cb90       0xc4 ./Middlewares/Third_Party/FreeRTOS/Source/portable/MemMang/heap_4.o
 .text.prvInsertBlockIntoFreeList
                0x0800cc54       0xb4 ./Middlewares/Third_Party/FreeRTOS/Source/portable/MemMang/heap_4.o
 .text._free_r  0x0800cd08       0x94 /opt/st/stm32cubeide_1.17.0/plugins/com.st.stm32cube.ide.mcu.externaltools.gnu-tools-for-stm32.12.3.rel1.linux64_1.1.0.202410170702/tools/bin/../lib/gcc/arm-none-eabi/12.3.1/../../../../arm-none-eabi/lib/thumb/v7e-m+fp/hard/libc_nano.a(libc_a-freer.o)
                0x0800cd08                _free_r
 .text.sbrk_aligned
                0x0800cd9c       0x44 /opt/st/stm32cubeide_1.17.0/plugins/com.st.stm32cube.ide.mcu.externaltools.gnu-tools-for-stm32.12.3.rel1.linux64_1.1.0.202410170702/tools/bin/../lib/gcc/arm-none-eabi/12.3.1/../../../../arm-none-eabi/lib/thumb/v7e-m+fp/hard/libc_nano.a(libc_a-mallocr.o)
 .text._malloc_r
                0x0800cde0      0x100 /opt/st/stm32cubeide_1.17.0/plugins/com.st.stm32cube.ide.mcu.externaltools.gnu-tools-for-stm32.12.3.rel1.linux64_1.1.0.202410170702/tools/bin/../lib/gcc/arm-none-eabi/12.3.1/../../../../arm-none-eabi/lib/thumb/v7e-m+fp/hard/libc_nano.a(libc_a-mallocr.o)
                0x0800cde0                _malloc_r
 .text.__malloc_lock
                0x0800cee0        0xc /opt/st/stm32cubeide_1.17.0/plugins/com.st.stm32cube.ide.mcu.externaltools.gnu-tools-for-stm32.12.3.rel1.linux64_1.1.0.202410170702/tools/bin/../lib/gcc/arm-none-eabi/12.3.1/../../../../arm-none-eabi/lib/thumb/v7e-m+fp/hard/libc_nano.a(libc_a-mlock.o)
                0x0800cee0                __malloc_lock
 .text.__malloc_unlock
                0x0800ceec        0xc /opt/st/stm32cubeide_1.17.0/plugins/com.st.stm32cube.ide.mcu.externaltools.gnu-tools-for-stm32.12.3.rel1.linux64_1.1.0.202410170702/tools/bin/../lib/gcc/arm-none-eabi/12.3.1/../../../../arm-none-eabi/lib/thumb/v7e-m+fp/hard/libc_nano.a(libc_a-mlock.o)
                0x0800ceec                __malloc_unlock
 .text.__cvt    0x0800cef8       0xca /opt/st/stm32cubeide_1.17.0/plugins/com.st.stm32cube.ide.mcu.externaltools.gnu-tools-for-stm32.12.3.rel1.linux64_1.1.0.202410170702/tools/bin/../lib/gcc/arm-none-eabi/12.3.1/../../../../arm-none-eabi/lib/thumb/v7e-m+fp/hard/libc_nano.a(libc_a-nano-vfprintf_float.o)
                0x0800cef8                __cvt
 .text.__exponent
                0x0800cfc2       0x74 /opt/st/stm32cubeide_1.17.0/plugins/com.st.stm32cube.ide.mcu.externaltools.gnu-tools-for-stm32.12.3.rel1.linux64_1.1.0.202410170702/tools/bin/../lib/gcc/arm-none-eabi/12.3.1/../../../../arm-none-eabi/lib/thumb/v7e-m+fp/hard/libc_nano.a(libc_a-nano-vfprintf_float.o)
                0x0800cfc2                __exponent
 *fill*         0x0800d036        0x2 
 .text._printf_float
                0x0800d038      0x454 /opt/st/stm32cubeide_1.17.0/plugins/com.st.stm32cube.ide.mcu.externaltools.gnu-tools-for-stm32.12.3.rel1.linux64_1.1.0.202410170702/tools/bin/../lib/gcc/arm-none-eabi/12.3.1/../../../../arm-none-eabi/lib/thumb/v7e-m+fp/hard/libc_nano.a(libc_a-nano-vfprintf_float.o)
                0x0800d038                _printf_float
 .text._printf_common
                0x0800d48c       0xda /opt/st/stm32cubeide_1.17.0/plugins/com.st.stm32cube.ide.mcu.externaltools.gnu-tools-for-stm32.12.3.rel1.linux64_1.1.0.202410170702/tools/bin/../lib/gcc/arm-none-eabi/12.3.1/../../../../arm-none-eabi/lib/thumb/v7e-m+fp/hard/libc_nano.a(libc_a-nano-vfprintf_i.o)
                0x0800d48c                _printf_common
 *fill*         0x0800d566        0x2 
 .text._printf_i
                0x0800d568      0x240 /opt/st/stm32cubeide_1.17.0/plugins/com.st.stm32cube.ide.mcu.externaltools.gnu-tools-for-stm32.12.3.rel1.linux64_1.1.0.202410170702/tools/bin/../lib/gcc/arm-none-eabi/12.3.1/../../../../arm-none-eabi/lib/thumb/v7e-m+fp/hard/libc_nano.a(libc_a-nano-vfprintf_i.o)
                0x0800d568                _printf_i
 .text.std      0x0800d7a8       0x6c /opt/st/stm32cubeide_1.17.0/plugins/com.st.stm32cube.ide.mcu.externaltools.gnu-tools-for-stm32.12.3.rel1.linux64_1.1.0.202410170702/tools/bin/../lib/gcc/arm-none-eabi/12.3.1/../../../../arm-none-eabi/lib/thumb/v7e-m+fp/hard/libc_nano.a(libc_a-findfp.o)
 .text.stdio_exit_handler
                0x0800d814       0x18 /opt/st/stm32cubeide_1.17.0/plugins/com.st.stm32cube.ide.mcu.externaltools.gnu-tools-for-stm32.12.3.rel1.linux64_1.1.0.202410170702/tools/bin/../lib/gcc/arm-none-eabi/12.3.1/../../../../arm-none-eabi/lib/thumb/v7e-m+fp/hard/libc_nano.a(libc_a-findfp.o)
 .text.cleanup_stdio
                0x0800d82c       0x40 /opt/st/stm32cubeide_1.17.0/plugins/com.st.stm32cube.ide.mcu.externaltools.gnu-tools-for-stm32.12.3.rel1.linux64_1.1.0.202410170702/tools/bin/../lib/gcc/arm-none-eabi/12.3.1/../../../../arm-none-eabi/lib/thumb/v7e-m+fp/hard/libc_nano.a(libc_a-findfp.o)
 .text.global_stdio_init.part.0
                0x0800d86c       0x3c /opt/st/stm32cubeide_1.17.0/plugins/com.st.stm32cube.ide.mcu.externaltools.gnu-tools-for-stm32.12.3.rel1.linux64_1.1.0.202410170702/tools/bin/../lib/gcc/arm-none-eabi/12.3.1/../../../../arm-none-eabi/lib/thumb/v7e-m+fp/hard/libc_nano.a(libc_a-findfp.o)
 .text.__sfp_lock_acquire
                0x0800d8a8        0xc /opt/st/stm32cubeide_1.17.0/plugins/com.st.stm32cube.ide.mcu.externaltools.gnu-tools-for-stm32.12.3.rel1.linux64_1.1.0.202410170702/tools/bin/../lib/gcc/arm-none-eabi/12.3.1/../../../../arm-none-eabi/lib/thumb/v7e-m+fp/hard/libc_nano.a(libc_a-findfp.o)
                0x0800d8a8                __sfp_lock_acquire
 .text.__sfp_lock_release
                0x0800d8b4        0xc /opt/st/stm32cubeide_1.17.0/plugins/com.st.stm32cube.ide.mcu.externaltools.gnu-tools-for-stm32.12.3.rel1.linux64_1.1.0.202410170702/tools/bin/../lib/gcc/arm-none-eabi/12.3.1/../../../../arm-none-eabi/lib/thumb/v7e-m+fp/hard/libc_nano.a(libc_a-findfp.o)
                0x0800d8b4                __sfp_lock_release
 .text.__sinit  0x0800d8c0       0x30 /opt/st/stm32cubeide_1.17.0/plugins/com.st.stm32cube.ide.mcu.externaltools.gnu-tools-for-stm32.12.3.rel1.linux64_1.1.0.202410170702/tools/bin/../lib/gcc/arm-none-eabi/12.3.1/../../../../arm-none-eabi/lib/thumb/v7e-m+fp/hard/libc_nano.a(libc_a-findfp.o)
                0x0800d8c0                __sinit
 .text._fwalk_sglue
                0x0800d8f0       0x3c /opt/st/stm32cubeide_1.17.0/plugins/com.st.stm32cube.ide.mcu.externaltools.gnu-tools-for-stm32.12.3.rel1.linux64_1.1.0.202410170702/tools/bin/../lib/gcc/arm-none-eabi/12.3.1/../../../../arm-none-eabi/lib/thumb/v7e-m+fp/hard/libc_nano.a(libc_a-fwalk.o)
                0x0800d8f0                _fwalk_sglue
 .text.printf   0x0800d92c       0x24 /opt/st/stm32cubeide_1.17.0/plugins/com.st.stm32cube.ide.mcu.externaltools.gnu-tools-for-stm32.12.3.rel1.linux64_1.1.0.202410170702/tools/bin/../lib/gcc/arm-none-eabi/12.3.1/../../../../arm-none-eabi/lib/thumb/v7e-m+fp/hard/libc_nano.a(libc_a-printf.o)
                0x0800d92c                printf
                0x0800d92c                iprintf
 .text._puts_r  0x0800d950       0xaa /opt/st/stm32cubeide_1.17.0/plugins/com.st.stm32cube.ide.mcu.externaltools.gnu-tools-for-stm32.12.3.rel1.linux64_1.1.0.202410170702/tools/bin/../lib/gcc/arm-none-eabi/12.3.1/../../../../arm-none-eabi/lib/thumb/v7e-m+fp/hard/libc_nano.a(libc_a-puts.o)
                0x0800d950                _puts_r
 *fill*         0x0800d9fa        0x2 
 .text.puts     0x0800d9fc       0x10 /opt/st/stm32cubeide_1.17.0/plugins/com.st.stm32cube.ide.mcu.externaltools.gnu-tools-for-stm32.12.3.rel1.linux64_1.1.0.202410170702/tools/bin/../lib/gcc/arm-none-eabi/12.3.1/../../../../arm-none-eabi/lib/thumb/v7e-m+fp/hard/libc_nano.a(libc_a-puts.o)
                0x0800d9fc                puts
 .text.snprintf
                0x0800da0c       0x68 /opt/st/stm32cubeide_1.17.0/plugins/com.st.stm32cube.ide.mcu.externaltools.gnu-tools-for-stm32.12.3.rel1.linux64_1.1.0.202410170702/tools/bin/../lib/gcc/arm-none-eabi/12.3.1/../../../../arm-none-eabi/lib/thumb/v7e-m+fp/hard/libc_nano.a(libc_a-snprintf.o)
                0x0800da0c                snprintf
                0x0800da0c                sniprintf
 .text.__sread  0x0800da74       0x22 /opt/st/stm32cubeide_1.17.0/plugins/com.st.stm32cube.ide.mcu.externaltools.gnu-tools-for-stm32.12.3.rel1.linux64_1.1.0.202410170702/tools/bin/../lib/gcc/arm-none-eabi/12.3.1/../../../../arm-none-eabi/lib/thumb/v7e-m+fp/hard/libc_nano.a(libc_a-stdio.o)
                0x0800da74                __sread
 .text.__swrite
                0x0800da96       0x38 /opt/st/stm32cubeide_1.17.0/plugins/com.st.stm32cube.ide.mcu.externaltools.gnu-tools-for-stm32.12.3.rel1.linux64_1.1.0.202410170702/tools/bin/../lib/gcc/arm-none-eabi/12.3.1/../../../../arm-none-eabi/lib/thumb/v7e-m+fp/hard/libc_nano.a(libc_a-stdio.o)
                0x0800da96                __swrite
 .text.__sseek  0x0800dace       0x24 /opt/st/stm32cubeide_1.17.0/plugins/com.st.stm32cube.ide.mcu.externaltools.gnu-tools-for-stm32.12.3.rel1.linux64_1.1.0.202410170702/tools/bin/../lib/gcc/arm-none-eabi/12.3.1/../../../../arm-none-eabi/lib/thumb/v7e-m+fp/hard/libc_nano.a(libc_a-stdio.o)
                0x0800dace                __sseek
 .text.__sclose
                0x0800daf2        0x8 /opt/st/stm32cubeide_1.17.0/plugins/com.st.stm32cube.ide.mcu.externaltools.gnu-tools-for-stm32.12.3.rel1.linux64_1.1.0.202410170702/tools/bin/../lib/gcc/arm-none-eabi/12.3.1/../../../../arm-none-eabi/lib/thumb/v7e-m+fp/hard/libc_nano.a(libc_a-stdio.o)
                0x0800daf2                __sclose
 .text.__swbuf_r
                0x0800dafa       0x7c /opt/st/stm32cubeide_1.17.0/plugins/com.st.stm32cube.ide.mcu.externaltools.gnu-tools-for-stm32.12.3.rel1.linux64_1.1.0.202410170702/tools/bin/../lib/gcc/arm-none-eabi/12.3.1/../../../../arm-none-eabi/lib/thumb/v7e-m+fp/hard/libc_nano.a(libc_a-wbuf.o)
                0x0800dafa                __swbuf_r
 *fill*         0x0800db76        0x2 
 .text.__swsetup_r
                0x0800db78       0xac /opt/st/stm32cubeide_1.17.0/plugins/com.st.stm32cube.ide.mcu.externaltools.gnu-tools-for-stm32.12.3.rel1.linux64_1.1.0.202410170702/tools/bin/../lib/gcc/arm-none-eabi/12.3.1/../../../../arm-none-eabi/lib/thumb/v7e-m+fp/hard/libc_nano.a(libc_a-wsetup.o)
                0x0800db78                __swsetup_r
 .text.memset   0x0800dc24       0x10 /opt/st/stm32cubeide_1.17.0/plugins/com.st.stm32cube.ide.mcu.externaltools.gnu-tools-for-stm32.12.3.rel1.linux64_1.1.0.202410170702/tools/bin/../lib/gcc/arm-none-eabi/12.3.1/../../../../arm-none-eabi/lib/thumb/v7e-m+fp/hard/libc_nano.a(libc_a-memset.o)
                0x0800dc24                memset
 .text._localeconv_r
                0x0800dc34        0x8 /opt/st/stm32cubeide_1.17.0/plugins/com.st.stm32cube.ide.mcu.externaltools.gnu-tools-for-stm32.12.3.rel1.linux64_1.1.0.202410170702/tools/bin/../lib/gcc/arm-none-eabi/12.3.1/../../../../arm-none-eabi/lib/thumb/v7e-m+fp/hard/libc_nano.a(libc_a-localeconv.o)
                0x0800dc34                _localeconv_r
 .text._close_r
                0x0800dc3c       0x20 /opt/st/stm32cubeide_1.17.0/plugins/com.st.stm32cube.ide.mcu.externaltools.gnu-tools-for-stm32.12.3.rel1.linux64_1.1.0.202410170702/tools/bin/../lib/gcc/arm-none-eabi/12.3.1/../../../../arm-none-eabi/lib/thumb/v7e-m+fp/hard/libc_nano.a(libc_a-closer.o)
                0x0800dc3c                _close_r
 .text._lseek_r
                0x0800dc5c       0x24 /opt/st/stm32cubeide_1.17.0/plugins/com.st.stm32cube.ide.mcu.externaltools.gnu-tools-for-stm32.12.3.rel1.linux64_1.1.0.202410170702/tools/bin/../lib/gcc/arm-none-eabi/12.3.1/../../../../arm-none-eabi/lib/thumb/v7e-m+fp/hard/libc_nano.a(libc_a-lseekr.o)
                0x0800dc5c                _lseek_r
 .text._read_r  0x0800dc80       0x24 /opt/st/stm32cubeide_1.17.0/plugins/com.st.stm32cube.ide.mcu.externaltools.gnu-tools-for-stm32.12.3.rel1.linux64_1.1.0.202410170702/tools/bin/../lib/gcc/arm-none-eabi/12.3.1/../../../../arm-none-eabi/lib/thumb/v7e-m+fp/hard/libc_nano.a(libc_a-readr.o)
                0x0800dc80                _read_r
 .text._sbrk_r  0x0800dca4       0x20 /opt/st/stm32cubeide_1.17.0/plugins/com.st.stm32cube.ide.mcu.externaltools.gnu-tools-for-stm32.12.3.rel1.linux64_1.1.0.202410170702/tools/bin/../lib/gcc/arm-none-eabi/12.3.1/../../../../arm-none-eabi/lib/thumb/v7e-m+fp/hard/libc_nano.a(libc_a-sbrkr.o)
                0x0800dca4                _sbrk_r
 .text._write_r
                0x0800dcc4       0x24 /opt/st/stm32cubeide_1.17.0/plugins/com.st.stm32cube.ide.mcu.externaltools.gnu-tools-for-stm32.12.3.rel1.linux64_1.1.0.202410170702/tools/bin/../lib/gcc/arm-none-eabi/12.3.1/../../../../arm-none-eabi/lib/thumb/v7e-m+fp/hard/libc_nano.a(libc_a-writer.o)
                0x0800dcc4                _write_r
 .text.__errno  0x0800dce8        0xc /opt/st/stm32cubeide_1.17.0/plugins/com.st.stm32cube.ide.mcu.externaltools.gnu-tools-for-stm32.12.3.rel1.linux64_1.1.0.202410170702/tools/bin/../lib/gcc/arm-none-eabi/12.3.1/../../../../arm-none-eabi/lib/thumb/v7e-m+fp/hard/libc_nano.a(libc_a-errno.o)
                0x0800dce8                __errno
 .text.__libc_init_array
                0x0800dcf4       0x48 /opt/st/stm32cubeide_1.17.0/plugins/com.st.stm32cube.ide.mcu.externaltools.gnu-tools-for-stm32.12.3.rel1.linux64_1.1.0.202410170702/tools/bin/../lib/gcc/arm-none-eabi/12.3.1/../../../../arm-none-eabi/lib/thumb/v7e-m+fp/hard/libc_nano.a(libc_a-init.o)
                0x0800dcf4                __libc_init_array
 .text.__retarget_lock_init_recursive
                0x0800dd3c        0x2 /opt/st/stm32cubeide_1.17.0/plugins/com.st.stm32cube.ide.mcu.externaltools.gnu-tools-for-stm32.12.3.rel1.linux64_1.1.0.202410170702/tools/bin/../lib/gcc/arm-none-eabi/12.3.1/../../../../arm-none-eabi/lib/thumb/v7e-m+fp/hard/libc_nano.a(libc_a-lock.o)
                0x0800dd3c                __retarget_lock_init_recursive
 .text.__retarget_lock_acquire_recursive
                0x0800dd3e        0x2 /opt/st/stm32cubeide_1.17.0/plugins/com.st.stm32cube.ide.mcu.externaltools.gnu-tools-for-stm32.12.3.rel1.linux64_1.1.0.202410170702/tools/bin/../lib/gcc/arm-none-eabi/12.3.1/../../../../arm-none-eabi/lib/thumb/v7e-m+fp/hard/libc_nano.a(libc_a-lock.o)
                0x0800dd3e                __retarget_lock_acquire_recursive
 .text.__retarget_lock_release_recursive
                0x0800dd40        0x2 /opt/st/stm32cubeide_1.17.0/plugins/com.st.stm32cube.ide.mcu.externaltools.gnu-tools-for-stm32.12.3.rel1.linux64_1.1.0.202410170702/tools/bin/../lib/gcc/arm-none-eabi/12.3.1/../../../../arm-none-eabi/lib/thumb/v7e-m+fp/hard/libc_nano.a(libc_a-lock.o)
                0x0800dd40                __retarget_lock_release_recursive
 .text.memcpy   0x0800dd42       0x1c /opt/st/stm32cubeide_1.17.0/plugins/com.st.stm32cube.ide.mcu.externaltools.gnu-tools-for-stm32.12.3.rel1.linux64_1.1.0.202410170702/tools/bin/../lib/gcc/arm-none-eabi/12.3.1/../../../../arm-none-eabi/lib/thumb/v7e-m+fp/hard/libc_nano.a(libc_a-memcpy-stub.o)
                0x0800dd42                memcpy
 .text.quorem   0x0800dd5e      0x110 /opt/st/stm32cubeide_1.17.0/plugins/com.st.stm32cube.ide.mcu.externaltools.gnu-tools-for-stm32.12.3.rel1.linux64_1.1.0.202410170702/tools/bin/../lib/gcc/arm-none-eabi/12.3.1/../../../../arm-none-eabi/lib/thumb/v7e-m+fp/hard/libc_nano.a(libc_a-dtoa.o)
 *fill*         0x0800de6e        0x2 
 .text._dtoa_r  0x0800de70      0xb88 /opt/st/stm32cubeide_1.17.0/plugins/com.st.stm32cube.ide.mcu.externaltools.gnu-tools-for-stm32.12.3.rel1.linux64_1.1.0.202410170702/tools/bin/../lib/gcc/arm-none-eabi/12.3.1/../../../../arm-none-eabi/lib/thumb/v7e-m+fp/hard/libc_nano.a(libc_a-dtoa.o)
                0x0800de70                _dtoa_r
 .text.malloc   0x0800e9f8       0x10 /opt/st/stm32cubeide_1.17.0/plugins/com.st.stm32cube.ide.mcu.externaltools.gnu-tools-for-stm32.12.3.rel1.linux64_1.1.0.202410170702/tools/bin/../lib/gcc/arm-none-eabi/12.3.1/../../../../arm-none-eabi/lib/thumb/v7e-m+fp/hard/libc_nano.a(libc_a-malloc.o)
                0x0800e9f8                malloc
 .text._Balloc  0x0800ea08       0x80 /opt/st/stm32cubeide_1.17.0/plugins/com.st.stm32cube.ide.mcu.externaltools.gnu-tools-for-stm32.12.3.rel1.linux64_1.1.0.202410170702/tools/bin/../lib/gcc/arm-none-eabi/12.3.1/../../../../arm-none-eabi/lib/thumb/v7e-m+fp/hard/libc_nano.a(libc_a-mprec.o)
                0x0800ea08                _Balloc
 .text._Bfree   0x0800ea88       0x44 /opt/st/stm32cubeide_1.17.0/plugins/com.st.stm32cube.ide.mcu.externaltools.gnu-tools-for-stm32.12.3.rel1.linux64_1.1.0.202410170702/tools/bin/../lib/gcc/arm-none-eabi/12.3.1/../../../../arm-none-eabi/lib/thumb/v7e-m+fp/hard/libc_nano.a(libc_a-mprec.o)
                0x0800ea88                _Bfree
 .text.__multadd
                0x0800eacc       0x8c /opt/st/stm32cubeide_1.17.0/plugins/com.st.stm32cube.ide.mcu.externaltools.gnu-tools-for-stm32.12.3.rel1.linux64_1.1.0.202410170702/tools/bin/../lib/gcc/arm-none-eabi/12.3.1/../../../../arm-none-eabi/lib/thumb/v7e-m+fp/hard/libc_nano.a(libc_a-mprec.o)
                0x0800eacc                __multadd
 .text.__hi0bits
                0x0800eb58       0x3e /opt/st/stm32cubeide_1.17.0/plugins/com.st.stm32cube.ide.mcu.externaltools.gnu-tools-for-stm32.12.3.rel1.linux64_1.1.0.202410170702/tools/bin/../lib/gcc/arm-none-eabi/12.3.1/../../../../arm-none-eabi/lib/thumb/v7e-m+fp/hard/libc_nano.a(libc_a-mprec.o)
                0x0800eb58                __hi0bits
 .text.__lo0bits
                0x0800eb96       0x5a /opt/st/stm32cubeide_1.17.0/plugins/com.st.stm32cube.ide.mcu.externaltools.gnu-tools-for-stm32.12.3.rel1.linux64_1.1.0.202410170702/tools/bin/../lib/gcc/arm-none-eabi/12.3.1/../../../../arm-none-eabi/lib/thumb/v7e-m+fp/hard/libc_nano.a(libc_a-mprec.o)
                0x0800eb96                __lo0bits
 .text.__i2b    0x0800ebf0       0x2c /opt/st/stm32cubeide_1.17.0/plugins/com.st.stm32cube.ide.mcu.externaltools.gnu-tools-for-stm32.12.3.rel1.linux64_1.1.0.202410170702/tools/bin/../lib/gcc/arm-none-eabi/12.3.1/../../../../arm-none-eabi/lib/thumb/v7e-m+fp/hard/libc_nano.a(libc_a-mprec.o)
                0x0800ebf0                __i2b
 .text.__multiply
                0x0800ec1c      0x154 /opt/st/stm32cubeide_1.17.0/plugins/com.st.stm32cube.ide.mcu.externaltools.gnu-tools-for-stm32.12.3.rel1.linux64_1.1.0.202410170702/tools/bin/../lib/gcc/arm-none-eabi/12.3.1/../../../../arm-none-eabi/lib/thumb/v7e-m+fp/hard/libc_nano.a(libc_a-mprec.o)
                0x0800ec1c                __multiply
 .text.__pow5mult
                0x0800ed70       0xb4 /opt/st/stm32cubeide_1.17.0/plugins/com.st.stm32cube.ide.mcu.externaltools.gnu-tools-for-stm32.12.3.rel1.linux64_1.1.0.202410170702/tools/bin/../lib/gcc/arm-none-eabi/12.3.1/../../../../arm-none-eabi/lib/thumb/v7e-m+fp/hard/libc_nano.a(libc_a-mprec.o)
                0x0800ed70                __pow5mult
 .text.__lshift
                0x0800ee24       0xd8 /opt/st/stm32cubeide_1.17.0/plugins/com.st.stm32cube.ide.mcu.externaltools.gnu-tools-for-stm32.12.3.rel1.linux64_1.1.0.202410170702/tools/bin/../lib/gcc/arm-none-eabi/12.3.1/../../../../arm-none-eabi/lib/thumb/v7e-m+fp/hard/libc_nano.a(libc_a-mprec.o)
                0x0800ee24                __lshift
 .text.__mcmp   0x0800eefc       0x36 /opt/st/stm32cubeide_1.17.0/plugins/com.st.stm32cube.ide.mcu.externaltools.gnu-tools-for-stm32.12.3.rel1.linux64_1.1.0.202410170702/tools/bin/../lib/gcc/arm-none-eabi/12.3.1/../../../../arm-none-eabi/lib/thumb/v7e-m+fp/hard/libc_nano.a(libc_a-mprec.o)
                0x0800eefc                __mcmp
 *fill*         0x0800ef32        0x2 
 .text.__mdiff  0x0800ef34      0x128 /opt/st/stm32cubeide_1.17.0/plugins/com.st.stm32cube.ide.mcu.externaltools.gnu-tools-for-stm32.12.3.rel1.linux64_1.1.0.202410170702/tools/bin/../lib/gcc/arm-none-eabi/12.3.1/../../../../arm-none-eabi/lib/thumb/v7e-m+fp/hard/libc_nano.a(libc_a-mprec.o)
                0x0800ef34                __mdiff
 .text.__d2b    0x0800f05c       0xb0 /opt/st/stm32cubeide_1.17.0/plugins/com.st.stm32cube.ide.mcu.externaltools.gnu-tools-for-stm32.12.3.rel1.linux64_1.1.0.202410170702/tools/bin/../lib/gcc/arm-none-eabi/12.3.1/../../../../arm-none-eabi/lib/thumb/v7e-m+fp/hard/libc_nano.a(libc_a-mprec.o)
                0x0800f05c                __d2b
 .text.__ssputs_r
                0x0800f10c       0xb6 /opt/st/stm32cubeide_1.17.0/plugins/com.st.stm32cube.ide.mcu.externaltools.gnu-tools-for-stm32.12.3.rel1.linux64_1.1.0.202410170702/tools/bin/../lib/gcc/arm-none-eabi/12.3.1/../../../../arm-none-eabi/lib/thumb/v7e-m+fp/hard/libc_nano.a(libc_a-nano-svfprintf.o)
                0x0800f10c                __ssputs_r
 *fill*         0x0800f1c2        0x2 
 .text._svfprintf_r
                0x0800f1c4      0x1f8 /opt/st/stm32cubeide_1.17.0/plugins/com.st.stm32cube.ide.mcu.externaltools.gnu-tools-for-stm32.12.3.rel1.linux64_1.1.0.202410170702/tools/bin/../lib/gcc/arm-none-eabi/12.3.1/../../../../arm-none-eabi/lib/thumb/v7e-m+fp/hard/libc_nano.a(libc_a-nano-svfprintf.o)
                0x0800f1c4                _svfprintf_r
                0x0800f1c4                _svfiprintf_r
 .text.__sfputc_r
                0x0800f3bc       0x2e /opt/st/stm32cubeide_1.17.0/plugins/com.st.stm32cube.ide.mcu.externaltools.gnu-tools-for-stm32.12.3.rel1.linux64_1.1.0.202410170702/tools/bin/../lib/gcc/arm-none-eabi/12.3.1/../../../../arm-none-eabi/lib/thumb/v7e-m+fp/hard/libc_nano.a(libc_a-nano-vfprintf.o)
 .text.__sfputs_r
                0x0800f3ea       0x24 /opt/st/stm32cubeide_1.17.0/plugins/com.st.stm32cube.ide.mcu.externaltools.gnu-tools-for-stm32.12.3.rel1.linux64_1.1.0.202410170702/tools/bin/../lib/gcc/arm-none-eabi/12.3.1/../../../../arm-none-eabi/lib/thumb/v7e-m+fp/hard/libc_nano.a(libc_a-nano-vfprintf.o)
                0x0800f3ea                __sfputs_r
 *fill*         0x0800f40e        0x2 
 .text._vfprintf_r
                0x0800f410      0x230 /opt/st/stm32cubeide_1.17.0/plugins/com.st.stm32cube.ide.mcu.externaltools.gnu-tools-for-stm32.12.3.rel1.linux64_1.1.0.202410170702/tools/bin/../lib/gcc/arm-none-eabi/12.3.1/../../../../arm-none-eabi/lib/thumb/v7e-m+fp/hard/libc_nano.a(libc_a-nano-vfprintf.o)
                0x0800f410                _vfiprintf_r
                0x0800f410                _vfprintf_r
 .text.__sflush_r
                0x0800f640      0x108 /opt/st/stm32cubeide_1.17.0/plugins/com.st.stm32cube.ide.mcu.externaltools.gnu-tools-for-stm32.12.3.rel1.linux64_1.1.0.202410170702/tools/bin/../lib/gcc/arm-none-eabi/12.3.1/../../../../arm-none-eabi/lib/thumb/v7e-m+fp/hard/libc_nano.a(libc_a-fflush.o)
                0x0800f640                __sflush_r
 .text._fflush_r
                0x0800f748       0x50 /opt/st/stm32cubeide_1.17.0/plugins/com.st.stm32cube.ide.mcu.externaltools.gnu-tools-for-stm32.12.3.rel1.linux64_1.1.0.202410170702/tools/bin/../lib/gcc/arm-none-eabi/12.3.1/../../../../arm-none-eabi/lib/thumb/v7e-m+fp/hard/libc_nano.a(libc_a-fflush.o)
                0x0800f748                _fflush_r
 .text.__swhatbuf_r
                0x0800f798       0x4c /opt/st/stm32cubeide_1.17.0/plugins/com.st.stm32cube.ide.mcu.externaltools.gnu-tools-for-stm32.12.3.rel1.linux64_1.1.0.202410170702/tools/bin/../lib/gcc/arm-none-eabi/12.3.1/../../../../arm-none-eabi/lib/thumb/v7e-m+fp/hard/libc_nano.a(libc_a-makebuf.o)
                0x0800f798                __swhatbuf_r
 .text.__smakebuf_r
                0x0800f7e4       0x78 /opt/st/stm32cubeide_1.17.0/plugins/com.st.stm32cube.ide.mcu.externaltools.gnu-tools-for-stm32.12.3.rel1.linux64_1.1.0.202410170702/tools/bin/../lib/gcc/arm-none-eabi/12.3.1/../../../../arm-none-eabi/lib/thumb/v7e-m+fp/hard/libc_nano.a(libc_a-makebuf.o)
                0x0800f7e4                __smakebuf_r
 .text.memmove  0x0800f85c       0x34 /opt/st/stm32cubeide_1.17.0/plugins/com.st.stm32cube.ide.mcu.externaltools.gnu-tools-for-stm32.12.3.rel1.linux64_1.1.0.202410170702/tools/bin/../lib/gcc/arm-none-eabi/12.3.1/../../../../arm-none-eabi/lib/thumb/v7e-m+fp/hard/libc_nano.a(libc_a-memmove.o)
                0x0800f85c                memmove
 .text._fstat_r
                0x0800f890       0x24 /opt/st/stm32cubeide_1.17.0/plugins/com.st.stm32cube.ide.mcu.externaltools.gnu-tools-for-stm32.12.3.rel1.linux64_1.1.0.202410170702/tools/bin/../lib/gcc/arm-none-eabi/12.3.1/../../../../arm-none-eabi/lib/thumb/v7e-m+fp/hard/libc_nano.a(libc_a-fstatr.o)
                0x0800f890                _fstat_r
 .text._isatty_r
                0x0800f8b4       0x20 /opt/st/stm32cubeide_1.17.0/plugins/com.st.stm32cube.ide.mcu.externaltools.gnu-tools-for-stm32.12.3.rel1.linux64_1.1.0.202410170702/tools/bin/../lib/gcc/arm-none-eabi/12.3.1/../../../../arm-none-eabi/lib/thumb/v7e-m+fp/hard/libc_nano.a(libc_a-isattyr.o)
                0x0800f8b4                _isatty_r
 .text.__assert_func
                0x0800f8d4       0x3c /opt/st/stm32cubeide_1.17.0/plugins/com.st.stm32cube.ide.mcu.externaltools.gnu-tools-for-stm32.12.3.rel1.linux64_1.1.0.202410170702/tools/bin/../lib/gcc/arm-none-eabi/12.3.1/../../../../arm-none-eabi/lib/thumb/v7e-m+fp/hard/libc_nano.a(libc_a-assert.o)
                0x0800f8d4                __assert_func
 .text._calloc_r
                0x0800f910       0x28 /opt/st/stm32cubeide_1.17.0/plugins/com.st.stm32cube.ide.mcu.externaltools.gnu-tools-for-stm32.12.3.rel1.linux64_1.1.0.202410170702/tools/bin/../lib/gcc/arm-none-eabi/12.3.1/../../../../arm-none-eabi/lib/thumb/v7e-m+fp/hard/libc_nano.a(libc_a-callocr.o)
                0x0800f910                _calloc_r
 .text.__ascii_mbtowc
                0x0800f938       0x24 /opt/st/stm32cubeide_1.17.0/plugins/com.st.stm32cube.ide.mcu.externaltools.gnu-tools-for-stm32.12.3.rel1.linux64_1.1.0.202410170702/tools/bin/../lib/gcc/arm-none-eabi/12.3.1/../../../../arm-none-eabi/lib/thumb/v7e-m+fp/hard/libc_nano.a(libc_a-mbtowc_r.o)
                0x0800f938                __ascii_mbtowc
 .text._realloc_r
                0x0800f95c       0x5c /opt/st/stm32cubeide_1.17.0/plugins/com.st.stm32cube.ide.mcu.externaltools.gnu-tools-for-stm32.12.3.rel1.linux64_1.1.0.202410170702/tools/bin/../lib/gcc/arm-none-eabi/12.3.1/../../../../arm-none-eabi/lib/thumb/v7e-m+fp/hard/libc_nano.a(libc_a-reallocr.o)
                0x0800f95c                _realloc_r
 .text.__ascii_wctomb
                0x0800f9b8       0x1a /opt/st/stm32cubeide_1.17.0/plugins/com.st.stm32cube.ide.mcu.externaltools.gnu-tools-for-stm32.12.3.rel1.linux64_1.1.0.202410170702/tools/bin/../lib/gcc/arm-none-eabi/12.3.1/../../../../arm-none-eabi/lib/thumb/v7e-m+fp/hard/libc_nano.a(libc_a-wctomb_r.o)
                0x0800f9b8                __ascii_wctomb
 *fill*         0x0800f9d2        0x2 
 .text.fprintf  0x0800f9d4       0x24 /opt/st/stm32cubeide_1.17.0/plugins/com.st.stm32cube.ide.mcu.externaltools.gnu-tools-for-stm32.12.3.rel1.linux64_1.1.0.202410170702/tools/bin/../lib/gcc/arm-none-eabi/12.3.1/../../../../arm-none-eabi/lib/thumb/v7e-m+fp/hard/libc_nano.a(libc_a-fprintf.o)
                0x0800f9d4                fprintf
                0x0800f9d4                fiprintf
 .text.abort    0x0800f9f8        0xe /opt/st/stm32cubeide_1.17.0/plugins/com.st.stm32cube.ide.mcu.externaltools.gnu-tools-for-stm32.12.3.rel1.linux64_1.1.0.202410170702/tools/bin/../lib/gcc/arm-none-eabi/12.3.1/../../../../arm-none-eabi/lib/thumb/v7e-m+fp/hard/libc_nano.a(libc_a-abort.o)
                0x0800f9f8                abort
 .text._malloc_usable_size_r
                0x0800fa06       0x10 /opt/st/stm32cubeide_1.17.0/plugins/com.st.stm32cube.ide.mcu.externaltools.gnu-tools-for-stm32.12.3.rel1.linux64_1.1.0.202410170702/tools/bin/../lib/gcc/arm-none-eabi/12.3.1/../../../../arm-none-eabi/lib/thumb/v7e-m+fp/hard/libc_nano.a(libc_a-msizer.o)
                0x0800fa06                _malloc_usable_size_r
 .text._raise_r
                0x0800fa16       0x50 /opt/st/stm32cubeide_1.17.0/plugins/com.st.stm32cube.ide.mcu.externaltools.gnu-tools-for-stm32.12.3.rel1.linux64_1.1.0.202410170702/tools/bin/../lib/gcc/arm-none-eabi/12.3.1/../../../../arm-none-eabi/lib/thumb/v7e-m+fp/hard/libc_nano.a(libc_a-signal.o)
                0x0800fa16                _raise_r
 *fill*         0x0800fa66        0x2 
 .text.raise    0x0800fa68       0x10 /opt/st/stm32cubeide_1.17.0/plugins/com.st.stm32cube.ide.mcu.externaltools.gnu-tools-for-stm32.12.3.rel1.linux64_1.1.0.202410170702/tools/bin/../lib/gcc/arm-none-eabi/12.3.1/../../../../arm-none-eabi/lib/thumb/v7e-m+fp/hard/libc_nano.a(libc_a-signal.o)
                0x0800fa68                raise
 .text._kill_r  0x0800fa78       0x24 /opt/st/stm32cubeide_1.17.0/plugins/com.st.stm32cube.ide.mcu.externaltools.gnu-tools-for-stm32.12.3.rel1.linux64_1.1.0.202410170702/tools/bin/../lib/gcc/arm-none-eabi/12.3.1/../../../../arm-none-eabi/lib/thumb/v7e-m+fp/hard/libc_nano.a(libc_a-signalr.o)
                0x0800fa78                _kill_r
 .text._getpid_r
                0x0800fa9c        0x4 /opt/st/stm32cubeide_1.17.0/plugins/com.st.stm32cube.ide.mcu.externaltools.gnu-tools-for-stm32.12.3.rel1.linux64_1.1.0.202410170702/tools/bin/../lib/gcc/arm-none-eabi/12.3.1/../../../../arm-none-eabi/lib/thumb/v7e-m+fp/hard/libc_nano.a(libc_a-signalr.o)
                0x0800fa9c                _getpid_r
 .text.atan2    0x0800faa0        0x4 /opt/st/stm32cubeide_1.17.0/plugins/com.st.stm32cube.ide.mcu.externaltools.gnu-tools-for-stm32.12.3.rel1.linux64_1.1.0.202410170702/tools/bin/../lib/gcc/arm-none-eabi/12.3.1/../../../../arm-none-eabi/lib/thumb/v7e-m+fp/hard/libm.a(libm_a-w_atan2.o)
                0x0800faa0                atan2
 .text.pow      0x0800faa4       0xe0 /opt/st/stm32cubeide_1.17.0/plugins/com.st.stm32cube.ide.mcu.externaltools.gnu-tools-for-stm32.12.3.rel1.linux64_1.1.0.202410170702/tools/bin/../lib/gcc/arm-none-eabi/12.3.1/../../../../arm-none-eabi/lib/thumb/v7e-m+fp/hard/libm.a(libm_a-w_pow.o)
                0x0800faa4                pow
 .text.sqrt     0x0800fb84       0x58 /opt/st/stm32cubeide_1.17.0/plugins/com.st.stm32cube.ide.mcu.externaltools.gnu-tools-for-stm32.12.3.rel1.linux64_1.1.0.202410170702/tools/bin/../lib/gcc/arm-none-eabi/12.3.1/../../../../arm-none-eabi/lib/thumb/v7e-m+fp/hard/libm.a(libm_a-w_sqrt.o)
                0x0800fb84                sqrt
 .text.sinf     0x0800fbdc       0x8c /opt/st/stm32cubeide_1.17.0/plugins/com.st.stm32cube.ide.mcu.externaltools.gnu-tools-for-stm32.12.3.rel1.linux64_1.1.0.202410170702/tools/bin/../lib/gcc/arm-none-eabi/12.3.1/../../../../arm-none-eabi/lib/thumb/v7e-m+fp/hard/libm.a(libm_a-sf_sin.o)
                0x0800fbdc                sinf
 .text.finite   0x0800fc68       0x16 /opt/st/stm32cubeide_1.17.0/plugins/com.st.stm32cube.ide.mcu.externaltools.gnu-tools-for-stm32.12.3.rel1.linux64_1.1.0.202410170702/tools/bin/../lib/gcc/arm-none-eabi/12.3.1/../../../../arm-none-eabi/lib/thumb/v7e-m+fp/hard/libm.a(libm_a-s_finite.o)
                0x0800fc68                finite
 *fill*         0x0800fc7e        0x2 
 .text.__ieee754_sqrt
                0x0800fc80      0x1b4 /opt/st/stm32cubeide_1.17.0/plugins/com.st.stm32cube.ide.mcu.externaltools.gnu-tools-for-stm32.12.3.rel1.linux64_1.1.0.202410170702/tools/bin/../lib/gcc/arm-none-eabi/12.3.1/../../../../arm-none-eabi/lib/thumb/v7e-m+fp/hard/libm.a(libm_a-e_sqrt.o)
                0x0800fc80                __ieee754_sqrt
 *fill*         0x0800fe34        0x4 
 .text.__ieee754_atan2
                0x0800fe38      0x18c /opt/st/stm32cubeide_1.17.0/plugins/com.st.stm32cube.ide.mcu.externaltools.gnu-tools-for-stm32.12.3.rel1.linux64_1.1.0.202410170702/tools/bin/../lib/gcc/arm-none-eabi/12.3.1/../../../../arm-none-eabi/lib/thumb/v7e-m+fp/hard/libm.a(libm_a-e_atan2.o)
                0x0800fe38                __ieee754_atan2
 *fill*         0x0800ffc4        0x4 
 .text.__ieee754_pow
                0x0800ffc8      0xa88 /opt/st/stm32cubeide_1.17.0/plugins/com.st.stm32cube.ide.mcu.externaltools.gnu-tools-for-stm32.12.3.rel1.linux64_1.1.0.202410170702/tools/bin/../lib/gcc/arm-none-eabi/12.3.1/../../../../arm-none-eabi/lib/thumb/v7e-m+fp/hard/libm.a(libm_a-e_pow.o)
                0x0800ffc8                __ieee754_pow
 .text.atan     0x08010a50      0x330 /opt/st/stm32cubeide_1.17.0/plugins/com.st.stm32cube.ide.mcu.externaltools.gnu-tools-for-stm32.12.3.rel1.linux64_1.1.0.202410170702/tools/bin/../lib/gcc/arm-none-eabi/12.3.1/../../../../arm-none-eabi/lib/thumb/v7e-m+fp/hard/libm.a(libm_a-s_atan.o)
                0x08010a50                atan
 .text.fabs     0x08010d80       0x10 /opt/st/stm32cubeide_1.17.0/plugins/com.st.stm32cube.ide.mcu.externaltools.gnu-tools-for-stm32.12.3.rel1.linux64_1.1.0.202410170702/tools/bin/../lib/gcc/arm-none-eabi/12.3.1/../../../../arm-none-eabi/lib/thumb/v7e-m+fp/hard/libm.a(libm_a-s_fabs.o)
                0x08010d80                fabs
 .text.__kernel_cosf
                0x08010d90       0xb0 /opt/st/stm32cubeide_1.17.0/plugins/com.st.stm32cube.ide.mcu.externaltools.gnu-tools-for-stm32.12.3.rel1.linux64_1.1.0.202410170702/tools/bin/../lib/gcc/arm-none-eabi/12.3.1/../../../../arm-none-eabi/lib/thumb/v7e-m+fp/hard/libm.a(libm_a-kf_cos.o)
                0x08010d90                __kernel_cosf
 .text.__kernel_sinf
                0x08010e40       0x90 /opt/st/stm32cubeide_1.17.0/plugins/com.st.stm32cube.ide.mcu.externaltools.gnu-tools-for-stm32.12.3.rel1.linux64_1.1.0.202410170702/tools/bin/../lib/gcc/arm-none-eabi/12.3.1/../../../../arm-none-eabi/lib/thumb/v7e-m+fp/hard/libm.a(libm_a-kf_sin.o)
                0x08010e40                __kernel_sinf
 .text.__ieee754_rem_pio2f
                0x08010ed0      0x260 /opt/st/stm32cubeide_1.17.0/plugins/com.st.stm32cube.ide.mcu.externaltools.gnu-tools-for-stm32.12.3.rel1.linux64_1.1.0.202410170702/tools/bin/../lib/gcc/arm-none-eabi/12.3.1/../../../../arm-none-eabi/lib/thumb/v7e-m+fp/hard/libm.a(libm_a-ef_rem_pio2.o)
                0x08010ed0                __ieee754_rem_pio2f
 .text.fabsf    0x08011130        0xe /opt/st/stm32cubeide_1.17.0/plugins/com.st.stm32cube.ide.mcu.externaltools.gnu-tools-for-stm32.12.3.rel1.linux64_1.1.0.202410170702/tools/bin/../lib/gcc/arm-none-eabi/12.3.1/../../../../arm-none-eabi/lib/thumb/v7e-m+fp/hard/libm.a(libm_a-sf_fabs.o)
                0x08011130                fabsf
 *fill*         0x0801113e        0x2 
 .text.scalbn   0x08011140       0xfc /opt/st/stm32cubeide_1.17.0/plugins/com.st.stm32cube.ide.mcu.externaltools.gnu-tools-for-stm32.12.3.rel1.linux64_1.1.0.202410170702/tools/bin/../lib/gcc/arm-none-eabi/12.3.1/../../../../arm-none-eabi/lib/thumb/v7e-m+fp/hard/libm.a(libm_a-s_scalbn.o)
                0x08011140                scalbn
 .text.with_errno
                0x0801123c       0x24 /opt/st/stm32cubeide_1.17.0/plugins/com.st.stm32cube.ide.mcu.externaltools.gnu-tools-for-stm32.12.3.rel1.linux64_1.1.0.202410170702/tools/bin/../lib/gcc/arm-none-eabi/12.3.1/../../../../arm-none-eabi/lib/thumb/v7e-m+fp/hard/libm.a(libm_a-math_err.o)
 .text.xflow    0x08011260       0x32 /opt/st/stm32cubeide_1.17.0/plugins/com.st.stm32cube.ide.mcu.externaltools.gnu-tools-for-stm32.12.3.rel1.linux64_1.1.0.202410170702/tools/bin/../lib/gcc/arm-none-eabi/12.3.1/../../../../arm-none-eabi/lib/thumb/v7e-m+fp/hard/libm.a(libm_a-math_err.o)
 *fill*         0x08011292        0x6 
 .text.__math_uflow
                0x08011298       0x10 /opt/st/stm32cubeide_1.17.0/plugins/com.st.stm32cube.ide.mcu.externaltools.gnu-tools-for-stm32.12.3.rel1.linux64_1.1.0.202410170702/tools/bin/../lib/gcc/arm-none-eabi/12.3.1/../../../../arm-none-eabi/lib/thumb/v7e-m+fp/hard/libm.a(libm_a-math_err.o)
                0x08011298                __math_uflow
 .text.__math_oflow
                0x080112a8       0x10 /opt/st/stm32cubeide_1.17.0/plugins/com.st.stm32cube.ide.mcu.externaltools.gnu-tools-for-stm32.12.3.rel1.linux64_1.1.0.202410170702/tools/bin/../lib/gcc/arm-none-eabi/12.3.1/../../../../arm-none-eabi/lib/thumb/v7e-m+fp/hard/libm.a(libm_a-math_err.o)
                0x080112a8                __math_oflow
 .text.__kernel_rem_pio2f
                0x080112b8      0x4e4 /opt/st/stm32cubeide_1.17.0/plugins/com.st.stm32cube.ide.mcu.externaltools.gnu-tools-for-stm32.12.3.rel1.linux64_1.1.0.202410170702/tools/bin/../lib/gcc/arm-none-eabi/12.3.1/../../../../arm-none-eabi/lib/thumb/v7e-m+fp/hard/libm.a(libm_a-kf_rem_pio2.o)
                0x080112b8                __kernel_rem_pio2f
 .text.scalbnf  0x0801179c       0xcc /opt/st/stm32cubeide_1.17.0/plugins/com.st.stm32cube.ide.mcu.externaltools.gnu-tools-for-stm32.12.3.rel1.linux64_1.1.0.202410170702/tools/bin/../lib/gcc/arm-none-eabi/12.3.1/../../../../arm-none-eabi/lib/thumb/v7e-m+fp/hard/libm.a(libm_a-sf_scalbn.o)
                0x0801179c                scalbnf