../Core/Src/ssd1306.c:8:6:SSD1306_Reset	8	static
../Core/Src/ssd1306.c:14:6:SSD1306_Write	16	static
../Core/Src/ssd1306.c:19:6:SSD1306_Init	8	static
../Core/Src/ssd1306.c:59:6:SSD1306_Clear	8	static
../Core/Src/ssd1306.c:63:6:SSD1306_ClearRegion	32	static
../Core/Src/ssd1306.c:71:6:SSD1306_UpdateScreen	16	static
../Core/Src/ssd1306.c:81:6:SSD1306_UpdateScreen_Vertical	16	static
../Core/Src/ssd1306.c:97:6:SSD1306_DrawPixel	16	static
../Core/Src/ssd1306.c:107:6:SSD1306_DrawChar	32	static
../Core/Src/ssd1306.c:124:6:SSD1306_DrawString	16	static
../Core/Src/ssd1306.c:133:6:SSD1306_DrawNumber	32	static
../Core/Src/ssd1306.c:139:6:SSD1306_DrawFloat	56	static
