../Core/Src/ssd1306.c:8:6:SSD1306_Reset	8	static
../Core/Src/ssd1306.c:14:6:SSD1306_Write	16	static
../Core/Src/ssd1306.c:19:6:SSD1306_Init	16	static
../Core/Src/ssd1306.c:66:6:SSD1306_Clear	8	static
../Core/Src/ssd1306.c:70:6:SSD1306_ClearRegion	32	static
../Core/Src/ssd1306.c:78:6:SSD1306_UpdateScreen	16	static
../Core/Src/ssd1306.c:88:6:SSD1306_UpdateScreen_Vertical	16	static
../Core/Src/ssd1306.c:104:6:SSD1306_DrawPixel	16	static
../Core/Src/ssd1306.c:114:6:SSD1306_DrawChar	32	static
../Core/Src/ssd1306.c:131:6:SSD1306_DrawString	16	static
../Core/Src/ssd1306.c:140:6:SSD1306_DrawNumber	32	static
../Core/Src/ssd1306.c:146:6:SSD1306_DrawFloat	56	static
